ARM Linker, 5.03 [Build 76] [MDK-ARM Lite]

==============================================================================

Section Cross References

    startup.o(STACK) refers (Special) to heapauxi.o(.text) for __use_two_region_memory
    startup.o(HEAP) refers (Special) to heapauxi.o(.text) for __use_two_region_memory
    startup.o(RESET) refers (Special) to heapauxi.o(.text) for __use_two_region_memory
    startup.o(RESET) refers to startup.o(STACK) for Stack_Top
    startup.o(RESET) refers to __main.o(!!!main) for __main
    startup.o(.text) refers (Special) to heapauxi.o(.text) for __use_two_region_memory
    startup.o(.text) refers to startup.o(HEAP) for Heap_Mem
    startup.o(.text) refers to startup.o(STACK) for Stack_Mem
    mmc.o(i.mmc_deselect) refers to spi.o(i.spi_transfer) for spi_transfer
    mmc.o(i.mmc_init) refers to spi.o(i.init_spi) for init_spi
    mmc.o(i.mmc_init) refers to mmc.o(i.mmc_deselect) for mmc_deselect
    mmc.o(i.mmc_init) refers to spi.o(i.spi_transfer) for spi_transfer
    mmc.o(i.mmc_init) refers to mmc.o(i.send_cmd) for send_cmd
    mmc.o(i.mmc_init) refers to delay.o(i.delay_ms) for delay_ms
    mmc.o(i.mmc_read_sector) refers to mmc.o(i.send_cmd) for send_cmd
    mmc.o(i.mmc_read_sector) refers to spi.o(i.spi_transfer) for spi_transfer
    mmc.o(i.mmc_read_sector) refers to mmc.o(i.mmc_deselect) for mmc_deselect
    mmc.o(i.mmc_write_sector) refers to mmc.o(i.send_cmd) for send_cmd
    mmc.o(i.mmc_write_sector) refers to spi.o(i.spi_transfer) for spi_transfer
    mmc.o(i.mmc_write_sector) refers to mmc.o(i.mmc_deselect) for mmc_deselect
    mmc.o(i.send_cmd) refers to spi.o(i.spi_transfer) for spi_transfer
    mmc.o(i.some_function) refers to spi.o(i.init_spi) for init_spi
    ff.o(i.check_fs) refers to ff.o(i.move_window) for move_window
    ff.o(i.check_fs) refers to ff.o(i.ld_word) for ld_word
    ff.o(i.check_fs) refers to memcmp.o(.text) for memcmp
    ff.o(i.check_fs) refers to ff.o(i.ld_dword) for ld_dword
    ff.o(i.clmt_clust) refers to aeabi_sdiv.o(.text_udiv) for __aeabi_uidivmod
    ff.o(i.create_chain) refers to ff.o(i.get_fat) for get_fat
    ff.o(i.create_chain) refers to ff.o(i.put_fat) for put_fat
    ff.o(i.create_name) refers to aeabi_memset.o(.text) for __aeabi_memset
    ff.o(i.create_name) refers to ff.o(i.dbc_1st) for dbc_1st
    ff.o(i.create_name) refers to ff.o(i.dbc_2nd) for dbc_2nd
    ff.o(i.create_name) refers to strchr.o(.text) for strchr
    ff.o(i.create_partition) refers to diskio.o(i.disk_ioctl) for disk_ioctl
    ff.o(i.create_partition) refers to aeabi_sdiv.o(.text_udiv) for __aeabi_uidivmod
    ff.o(i.create_partition) refers to rt_memclr.o(.text) for __aeabi_memclr
    ff.o(i.create_partition) refers to ff.o(i.st_dword) for st_dword
    ff.o(i.create_partition) refers to ff.o(i.st_word) for st_word
    ff.o(i.create_partition) refers to diskio.o(i.disk_write) for disk_write
    ff.o(i.dir_alloc) refers to ff.o(i.dir_sdi) for dir_sdi
    ff.o(i.dir_alloc) refers to ff.o(i.move_window) for move_window
    ff.o(i.dir_alloc) refers to ff.o(i.dir_next) for dir_next
    ff.o(i.dir_clear) refers to ff.o(i.sync_window) for sync_window
    ff.o(i.dir_clear) refers to ff.o(i.clst2sect) for clst2sect
    ff.o(i.dir_clear) refers to rt_memclr_w.o(.text) for __aeabi_memclr4
    ff.o(i.dir_clear) refers to diskio.o(i.disk_write) for disk_write
    ff.o(i.dir_next) refers to ff.o(i.get_fat) for get_fat
    ff.o(i.dir_next) refers to ff.o(i.create_chain) for create_chain
    ff.o(i.dir_next) refers to ff.o(i.dir_clear) for dir_clear
    ff.o(i.dir_next) refers to ff.o(i.clst2sect) for clst2sect
    ff.o(i.dir_read) refers to ff.o(i.move_window) for move_window
    ff.o(i.dir_read) refers to ff.o(i.dir_next) for dir_next
    ff.o(i.dir_register) refers to ff.o(i.dir_alloc) for dir_alloc
    ff.o(i.dir_register) refers to ff.o(i.move_window) for move_window
    ff.o(i.dir_register) refers to rt_memclr.o(.text) for __aeabi_memclr
    ff.o(i.dir_register) refers to rt_memcpy.o(.text) for __aeabi_memcpy
    ff.o(i.dir_remove) refers to ff.o(i.move_window) for move_window
    ff.o(i.dir_sdi) refers to ff.o(i.get_fat) for get_fat
    ff.o(i.dir_sdi) refers to ff.o(i.clst2sect) for clst2sect
    ff.o(i.f_chdir) refers to ff.o(i.mount_volume) for mount_volume
    ff.o(i.f_chdir) refers to ff.o(i.follow_path) for follow_path
    ff.o(i.f_chdir) refers to ff.o(i.ld_clust) for ld_clust
    ff.o(i.f_chdrive) refers to ff.o(i.get_ldnumber) for get_ldnumber
    ff.o(i.f_chdrive) refers to ff.o(.data) for .data
    ff.o(i.f_chmod) refers to ff.o(i.mount_volume) for mount_volume
    ff.o(i.f_chmod) refers to ff.o(i.follow_path) for follow_path
    ff.o(i.f_chmod) refers to ff.o(i.sync_fs) for sync_fs
    ff.o(i.f_close) refers to ff.o(i.f_sync) for f_sync
    ff.o(i.f_close) refers to ff.o(i.validate) for validate
    ff.o(i.f_closedir) refers to ff.o(i.validate) for validate
    ff.o(i.f_findfirst) refers to ff.o(i.f_opendir) for f_opendir
[...]
    rtentry.o(.ARM.Collect$$rtentry$$00000000) refers (Special) to rtentry2.o(.ARM.Collect$$rtentry$$0000000C) for __rt_entry_postli_1
    rtentry.o(.ARM.Collect$$rtentry$$00000000) refers (Special) to rtentry2.o(.ARM.Collect$$rtentry$$00000009) for __rt_entry_postsh_1
    rtentry.o(.ARM.Collect$$rtentry$$00000000) refers (Special) to rtentry2.o(.ARM.Collect$$rtentry$$00000002) for __rt_entry_presh_1
    rtentry.o(.ARM.Collect$$rtentry$$00000000) refers (Special) to rtentry4.o(.ARM.Collect$$rtentry$$00000004) for __rt_entry_sh
    aeabi_idiv0_sigfpe.o(.text) refers to rt_div0.o(.text) for __rt_div0
    _printf_intcommon.o(.text) refers (Weak) to _printf_pad.o(.text) for _printf_pre_padding
    _printf_intcommon.o(.text) refers to __printf.o(i.__ARM_common_call_via_r2) for __ARM_common_call_via_r2
    _printf_intcommon.o(.text) refers (Weak) to _printf_pad.o(.text) for _printf_pre_padding
    _printf_intcommon.o(.text) refers (Weak) to _printf_pad.o(.text) for _printf_post_padding
    _printf_char_common.o(.text) refers to __printf_flags_wp.o(.text) for __printf
    _printf_char.o(.text) refers (Weak) to _printf_str.o(.text) for _printf_str
    fcheck1.o(x$fpl$fcheck1) refers (Special) to usenofp.o(x$fpl$usenofp) for __I$use$fp
    fcheck1.o(x$fpl$fcheck1) refers to retnan.o(x$fpl$retnan) for __fpl_return_NaN
    fnaninf.o(x$fpl$fnaninf) refers (Special) to usenofp.o(x$fpl$usenofp) for __I$use$fp
    fretinf.o(x$fpl$fretinf) refers (Special) to usenofp.o(x$fpl$usenofp) for __I$use$fp
    rtentry2.o(.ARM.Collect$$rtentry$$00000008) refers to boardinit2.o(.text) for _platform_post_stackheap_init
    rtentry2.o(.ARM.Collect$$rtentry$$0000000A) refers to libinit.o(.ARM.Collect$$libinit$$00000000) for __rt_lib_init
    rtentry2.o(.ARM.Collect$$rtentry$$0000000B) refers to boardinit3.o(.text) for _platform_post_lib_init
    rtentry2.o(.ARM.Collect$$rtentry$$0000000D) refers to exit.o(.text) for exit
    rtentry2.o(.ARM.Collect$$rtentry$$0000000D) refers to finalesd.o(i.main) for main
    rtentry2.o(.ARM.exidx) refers to rtentry2.o(.ARM.Collect$$rtentry$$00000001) for .ARM.Collect$$rtentry$$00000001
    rtentry2.o(.ARM.exidx) refers to rtentry2.o(.ARM.Collect$$rtentry$$00000008) for .ARM.Collect$$rtentry$$00000008
    rtentry2.o(.ARM.exidx) refers to rtentry2.o(.ARM.Collect$$rtentry$$0000000A) for .ARM.Collect$$rtentry$$0000000A
    rtentry2.o(.ARM.exidx) refers to rtentry2.o(.ARM.Collect$$rtentry$$0000000B) for .ARM.Collect$$rtentry$$0000000B
    rtentry2.o(.ARM.exidx) refers to rtentry2.o(.ARM.Collect$$rtentry$$0000000D) for .ARM.Collect$$rtentry$$0000000D
    rtentry4.o(.ARM.Collect$$rtentry$$00000004) refers to sys_stackheap_outer.o(.text) for __user_setup_stackheap
    rtentry4.o(.ARM.exidx) refers to rtentry4.o(.ARM.Collect$$rtentry$$00000004) for .ARM.Collect$$rtentry$$00000004
    rt_div0.o(.text) refers to defsig_fpe_outer.o(.text) for __rt_SIGFPE
    __printf_nopercent.o(.text) refers to __printf_nopercent.o(i.__ARM_common_call_via_r7) for __ARM_common_call_via_r7
    __printf_nopercent.o(.text) refers to __printf_nopercent.o(i.__ARM_common_call_via_r5) for __ARM_common_call_via_r5
    retnan.o(x$fpl$retnan) refers (Special) to usenofp.o(x$fpl$usenofp) for __I$use$fp
    retnan.o(x$fpl$retnan) refers to trapv.o(x$fpl$trapveneer) for __fpl_cmpreturn
    sys_stackheap_outer.o(.text) refers to libspace.o(.text) for __user_perproc_libspace
    sys_stackheap_outer.o(.text) refers to startup.o(.text) for __user_initial_stackheap
    exit.o(.text) refers to rtexit.o(.ARM.Collect$$rtexit$$00000000) for __rt_exit
    defsig_fpe_outer.o(.text) refers to defsig_fpe_inner.o(.text) for __rt_SIGFPE_inner
    defsig_fpe_outer.o(.text) refers to defsig_exit.o(.text) for __sig_exit
    defsig_fpe_formal.o(.text) refers to rt_raise.o(.text) for __rt_raise
    libinit.o(.ARM.Collect$$libinit$$00000000) refers (Special) to libinit2.o(.ARM.Collect$$libinit$$0000002C) for __rt_lib_init_alloca_1
    libinit.o(.ARM.Collect$$libinit$$00000000) refers (Special) to libinit2.o(.ARM.Collect$$libinit$$0000002A) for __rt_lib_init_argv_1
    libinit.o(.ARM.Collect$$libinit$$00000000) refers (Special) to libinit2.o(.ARM.Collect$$libinit$$00000019) for __rt_lib_init_atexit_1
    libinit.o(.ARM.Collect$$libinit$$00000000) refers (Special) to libinit2.o(.ARM.Collect$$libinit$$0000001F) for __rt_lib_init_clock_1
    libinit.o(.ARM.Collect$$libinit$$00000000) refers (Special) to libinit2.o(.ARM.Collect$$libinit$$00000030) for __rt_lib_init_cpp_1
    libinit.o(.ARM.Collect$$libinit$$00000000) refers (Special) to libinit2.o(.ARM.Collect$$libinit$$0000002E) for __rt_lib_init_exceptions_1
    libinit.o(.ARM.Collect$$libinit$$00000000) refers (Special) to libinit2.o(.ARM.Collect$$libinit$$00000002) for __rt_lib_init_fp_1
    libinit.o(.ARM.Collect$$libinit$$00000000) refers (Special) to libinit2.o(.ARM.Collect$$libinit$$0000001D) for __rt_lib_init_fp_trap_1
    libinit.o(.ARM.Collect$$libinit$$00000000) refers (Special) to libinit2.o(.ARM.Collect$$libinit$$00000021) for __rt_lib_init_getenv_1
    libinit.o(.ARM.Collect$$libinit$$00000000) refers (Special) to libinit2.o(.ARM.Collect$$libinit$$00000008) for __rt_lib_init_heap_1
    libinit.o(.ARM.Collect$$libinit$$00000000) refers (Special) to libinit2.o(.ARM.Collect$$libinit$$0000000F) for __rt_lib_init_lc_collate_1
    libinit.o(.ARM.Collect$$libinit$$00000000) refers (Special) to libinit2.o(.ARM.Collect$$libinit$$00000011) for __rt_lib_init_lc_ctype_1
    libinit.o(.ARM.Collect$$libinit$$00000000) refers (Special) to libinit2.o(.ARM.Collect$$libinit$$00000013) for __rt_lib_init_lc_monetary_1
    libinit.o(.ARM.Collect$$libinit$$00000000) refers (Special) to libinit2.o(.ARM.Collect$$libinit$$00000015) for __rt_lib_init_lc_numeric_1
    libinit.o(.ARM.Collect$$libinit$$00000000) refers (Special) to libinit2.o(.ARM.Collect$$libinit$$00000017) for __rt_lib_init_lc_time_1
    libinit.o(.ARM.Collect$$libinit$$00000000) refers (Special) to libinit2.o(.ARM.Collect$$libinit$$0000000C) for __rt_lib_init_rand_1
    libinit.o(.ARM.Collect$$libinit$$00000000) refers (Special) to libinit2.o(.ARM.Collect$$libinit$$00000031) for __rt_lib_init_return
    libinit.o(.ARM.Collect$$libinit$$00000000) refers (Special) to libinit2.o(.ARM.Collect$$libinit$$0000001B) for __rt_lib_init_signal_1
    libinit.o(.ARM.Collect$$libinit$$00000000) refers (Special) to libinit2.o(.ARM.Collect$$libinit$$00000023) for __rt_lib_init_stdio_1
    libinit.o(.ARM.Collect$$libinit$$00000000) refers (Special) to libinit2.o(.ARM.Collect$$libinit$$0000000A) for __rt_lib_init_user_alloc_1
    trapv.o(x$fpl$trapveneer) refers (Special) to usenofp.o(x$fpl$usenofp) for __I$use$fp
    libspace.o(.text) refers to libspace.o(.bss) for __libspace_start
    rtexit.o(.ARM.Collect$$rtexit$$00000000) refers (Special) to rtexit2.o(.ARM.Collect$$rtexit$$00000004) for __rt_exit_exit
    rtexit.o(.ARM.Collect$$rtexit$$00000000) refers (Special) to rtexit2.o(.ARM.Collect$$rtexit$$00000003) for __rt_exit_ls
    rtexit.o(.ARM.Collect$$rtexit$$00000000) refers (Special) to rtexit2.o(.ARM.Collect$$rtexit$$00000002) for __rt_exit_prels_1
    rtexit.o(.ARM.exidx) refers (Special) to rtexit2.o(.ARM.Collect$$rtexit$$00000004) for __rt_exit_exit
    rtexit.o(.ARM.exidx) refers (Special) to rtexit2.o(.ARM.Collect$$rtexit$$00000003) for __rt_exit_ls
    rtexit.o(.ARM.exidx) refers (Special) to rtexit2.o(.ARM.Collect$$rtexit$$00000002) for __rt_exit_prels_1
    rtexit.o(.ARM.exidx) refers to rtexit.o(.ARM.Collect$$rtexit$$00000000) for .ARM.Collect$$rtexit$$00000000
    rt_raise.o(.text) refers to __raise.o(.text) for __raise
    rt_raise.o(.text) refers to sys_exit.o(.text) for _sys_exit
    defsig_exit.o(.text) refers to sys_exit.o(.text) for _sys_exit
    defsig_fpe_inner.o(.text) refers to defsig_general.o(.text) for __default_signal_display
    libinit2.o(.ARM.Collect$$libinit$$00000001) refers to fpinit.o(x$fpl$fpinit) for _fp_init
    libinit2.o(.ARM.Collect$$libinit$$0000000E) refers to libinit2.o(.ARM.Collect$$libinit$$0000000D) for .ARM.Collect$$libinit$$0000000D
    libinit2.o(.ARM.Collect$$libinit$$00000010) refers to libinit2.o(.ARM.Collect$$libinit$$0000000D) for .ARM.Collect$$libinit$$0000000D
    libinit2.o(.ARM.Collect$$libinit$$00000012) refers to libinit2.o(.ARM.Collect$$libinit$$0000000D) for .ARM.Collect$$libinit$$0000000D
    libinit2.o(.ARM.Collect$$libinit$$00000014) refers to libinit2.o(.ARM.Collect$$libinit$$0000000D) for .ARM.Collect$$libinit$$0000000D
    libinit2.o(.ARM.Collect$$libinit$$00000016) refers to libinit2.o(.ARM.Collect$$libinit$$0000000D) for .ARM.Collect$$libinit$$0000000D
    libinit2.o(.ARM.Collect$$libinit$$00000024) refers to argv_veneer.o(.emb_text) for __ARM_argv_veneer
    libinit2.o(.ARM.Collect$$libinit$$00000025) refers to argv_veneer.o(.emb_text) for __ARM_argv_veneer
    sys_exit.o(.text) refers (Special) to use_no_semi.o(.text) for __I$use$semihosting
    sys_exit.o(.text) refers (Special) to indicate_semi.o(.text) for __semihosting_library_function
    rtexit2.o(.ARM.Collect$$rtexit$$00000003) refers to libshutdown.o(.ARM.Collect$$libshutdown$$00000000) for __rt_lib_shutdown
    rtexit2.o(.ARM.Collect$$rtexit$$00000004) refers to sys_exit.o(.text) for _sys_exit
    rtexit2.o(.ARM.exidx) refers to rtexit2.o(.ARM.Collect$$rtexit$$00000001) for .ARM.Collect$$rtexit$$00000001
    rtexit2.o(.ARM.exidx) refers to rtexit2.o(.ARM.Collect$$rtexit$$00000003) for .ARM.Collect$$rtexit$$00000003
    rtexit2.o(.ARM.exidx) refers to rtexit2.o(.ARM.Collect$$rtexit$$00000004) for .ARM.Collect$$rtexit$$00000004
    __raise.o(.text) refers to __printf.o(i.__ARM_common_call_via_r2) for __ARM_common_call_via_r2
    __raise.o(.text) refers to defsig.o(CL$$defsig) for __default_signal_handler
    defsig_general.o(.text) refers to sys_wrch.o(.text) for _ttywrch
    argv_veneer.o(.emb_text) refers to no_argv.o(.text) for __ARM_get_argv
    sys_wrch.o(.text) refers (Special) to use_no_semi.o(.text) for __I$use$semihosting
    sys_wrch.o(.text) refers (Special) to indicate_semi.o(.text) for __semihosting_library_function
    defsig.o(CL$$defsig) refers to defsig_fpe_inner.o(.text) for __rt_SIGFPE_inner
    defsig.o(CL$$defsig) refers to defsig_rtmem_inner.o(.text) for __rt_SIGRTMEM_inner
    _get_argv_nomalloc.o(.text) refers (Special) to hrguard.o(.text) for __heap_region$guard
    _get_argv_nomalloc.o(.text) refers to defsig_rtmem_outer.o(.text) for __rt_SIGRTMEM
    _get_argv_nomalloc.o(.text) refers to sys_command.o(.text) for _sys_command_string
    libshutdown.o(.ARM.Collect$$libshutdown$$00000000) refers (Special) to libshutdown2.o(.ARM.Collect$$libshutdown$$00000006) for __rt_lib_shutdown_fp_trap_1
    libshutdown.o(.ARM.Collect$$libshutdown$$00000000) refers (Special) to libshutdown2.o(.ARM.Collect$$libshutdown$$0000000E) for __rt_lib_shutdown_heap_1
    libshutdown.o(.ARM.Collect$$libshutdown$$00000000) refers (Special) to libshutdown2.o(.ARM.Collect$$libshutdown$$0000000F) for __rt_lib_shutdown_return
    libshutdown.o(.ARM.Collect$$libshutdown$$00000000) refers (Special) to libshutdown2.o(.ARM.Collect$$libshutdown$$00000009) for __rt_lib_shutdown_signal_1
    libshutdown.o(.ARM.Collect$$libshutdown$$00000000) refers (Special) to libshutdown2.o(.ARM.Collect$$libshutdown$$00000003) for __rt_lib_shutdown_stdio_1
    libshutdown.o(.ARM.Collect$$libshutdown$$00000000) refers (Special) to libshutdown2.o(.ARM.Collect$$libshutdown$$0000000B) for __rt_lib_shutdown_user_alloc_1
    sys_command.o(.text) refers (Special) to use_no_semi.o(.text) for __I$use$semihosting
    sys_command.o(.text) refers (Special) to indicate_semi.o(.text) for __semihosting_library_function
    defsig_abrt_inner.o(.text) refers to defsig_general.o(.text) for __default_signal_display
    defsig_rtred_inner.o(.text) refers to defsig_general.o(.text) for __default_signal_display
    defsig_rtmem_inner.o(.text) refers to defsig_general.o(.text) for __default_signal_display
    defsig_rtmem_outer.o(.text) refers to defsig_rtmem_inner.o(.text) for __rt_SIGRTMEM_inner
    defsig_rtmem_outer.o(.text) refers to defsig_exit.o(.text) for __sig_exit
    defsig_rtmem_formal.o(.text) refers to rt_raise.o(.text) for __rt_raise
    defsig_stak_inner.o(.text) refers to defsig_general.o(.text) for __default_signal_display
    defsig_pvfn_inner.o(.text) refers to defsig_general.o(.text) for __default_signal_display
    defsig_cppl_inner.o(.text) refers to defsig_general.o(.text) for __default_signal_display
    defsig_segv_inner.o(.text) refers to defsig_general.o(.text) for __default_signal_display
    defsig_other.o(.text) refers to defsig_general.o(.text) for __default_signal_display


==============================================================================

Removing Unused input sections from the image.

    Removing mmc.o(i.mmc_select), (20 bytes).
    Removing mmc.o(i.some_function), (4 bytes).
    Removing ff.o(i.create_partition), (496 bytes).
    Removing ff.o(i.dir_read), (168 bytes).
    Removing ff.o(i.dir_remove), (60 bytes).
    Removing ff.o(i.f_chdir), (144 bytes).
    Removing ff.o(i.f_chdrive), (44 bytes).
    Removing ff.o(i.f_chmod), (144 bytes).
    Removing ff.o(i.f_closedir), (36 bytes).
    Removing ff.o(i.f_findfirst), (56 bytes).
    Removing ff.o(i.f_findnext), (88 bytes).
    Removing ff.o(i.f_getcwd), (496 bytes).
    Removing ff.o(i.f_getfree), (316 bytes).
    Removing ff.o(i.f_getlabel), (296 bytes).
    Removing ff.o(i.f_lseek), (912 bytes).
    Removing ff.o(i.f_mkdir), (424 bytes).
    Removing ff.o(i.f_mkfs), (2160 bytes).
    Removing ff.o(i.f_opendir), (180 bytes).
    Removing ff.o(i.f_read), (576 bytes).
    Removing ff.o(i.f_readdir), (108 bytes).
    Removing ff.o(i.f_rename), (396 bytes).
    Removing ff.o(i.f_setlabel), (476 bytes).
    Removing ff.o(i.f_stat), (104 bytes).
    Removing ff.o(i.f_truncate), (276 bytes).
    Removing ff.o(i.f_unlink), (268 bytes).
    Removing ff.o(i.f_utime), (132 bytes).
    Removing ff.o(i.get_achar), (108 bytes).
    Removing ff.o(i.get_fileinfo), (192 bytes).
    Removing ff.o(i.pattern_match), (268 bytes).
    Removing ff.o(.constdata), (10 bytes).
    Removing delay.o(i.delay_init), (52 bytes).

31 unused section(s) (total 9010 bytes) removed from the image.

==============================================================================

Adding Veneers to the image

    Adding TA veneer (4 bytes, Inline) for call to '_printf_percent' from __printf_flags_wp.o(.text).
    Adding AT veneer (8 bytes, Inline) for call to '__rt_lib_init' from rtentry2.o(.ARM.Collect$$rtentry$$0000000A).
    Adding AT veneer (8 bytes, Inline) for call to '__rt_lib_shutdown' from rtexit2.o(.ARM.Collect$$rtexit$$00000003).
    Adding TA veneer (4 bytes, Inline) for call to '__rt_exit' from exit.o(.text).
    Adding AT veneer (8 bytes, Inline) for call to '__2sprintf' from finalesd.o(i.SD_Log_Readings).
    Adding AT veneer (8 bytes, Inline) for call to '_printf_int_dec' from _printf_d.o(.ARM.Collect$$_printf_percent$$00000009).
    Adding AT veneer (8 bytes, Inline) for call to 'strchr' from ff.o(i.create_name).
    Adding AT veneer (8 bytes, Inline) for call to 'memcmp' from ff.o(i.check_fs).
    Adding AT veneer (8 bytes, Inline) for call to '_printf_char' from _printf_c.o(.ARM.Collect$$_printf_percent$$00000013).
    Adding TA veneer (4 bytes, Inline) for call to '__rt_udiv10' from _printf_dec.o(.text).
    Adding AT veneer (8 bytes, Inline) for call to '_sys_exit' from rtexit2.o(.ARM.Collect$$rtexit$$00000004).
    Adding AT veneer (12 bytes, Long) for call to '_printf_string' from _printf_s.o(.ARM.Collect$$_printf_percent$$00000014).

12 Veneer(s) (total 88 bytes) added to the image.

==============================================================================

Image Symbol Table

    Local Symbols

    Symbol Name                              Value     Ov Type        Size  Object(Section)

    RESET                                    0x00000000   Section      272  startup.o(RESET)
    ../clib/angel/boardlib.s                 0x00000000   Number         0  boardinit1.o ABSOLUTE
    ../clib/angel/boardlib.s                 0x00000000   Number         0  boardinit2.o ABSOLUTE
    ../clib/angel/boardlib.s                 0x00000000   Number         0  boardinit3.o ABSOLUTE
    ../clib/angel/boardlib.s                 0x00000000   Number         0  boardshut.o ABSOLUTE
    ../clib/angel/handlers.s                 0x00000000   Number         0  __scatter_zi.o ABSOLUTE
    ../clib/angel/handlers.s                 0x00000000   Number         0  __scatter_copy.o ABSOLUTE
    ../clib/angel/kernel.s                   0x00000000   Number         0  rtexit.o ABSOLUTE
    ../clib/angel/kernel.s                   0x00000000   Number         0  rtentry2.o ABSOLUTE
    ../clib/angel/kernel.s                   0x00000000   Number         0  rtentry.o ABSOLUTE
    ../clib/angel/kernel.s                   0x00000000   Number         0  rtexit2.o ABSOLUTE
    ../clib/angel/kernel.s                   0x00000000   Number         0  rtentry4.o ABSOLUTE
    ../clib/angel/rt.s                       0x00000000   Number         0  aeabi_idiv0_sigfpe.o ABSOLUTE
    ../clib/angel/rt.s                       0x00000000   Number         0  aeabi_idiv0.o ABSOLUTE
    ../clib/angel/rt.s                       0x00000000   Number         0  rt_raise.o ABSOLUTE
    ../clib/angel/rt.s                       0x00000000   Number         0  rt_div0.o ABSOLUTE
    ../clib/angel/scatter.s                  0x00000000   Number         0  __scatter.o ABSOLUTE
    ../clib/angel/startup.s                  0x00000000   Number         0  __main.o ABSOLUTE
    ../clib/angel/sys.s                      0x00000000   Number         0  use_no_semi.o ABSOLUTE
    ../clib/angel/sys.s                      0x00000000   Number         0  indicate_semi.o ABSOLUTE
    ../clib/angel/sys.s                      0x00000000   Number         0  sys_stackheap_outer.o ABSOLUTE
    ../clib/angel/sys.s                      0x00000000   Number         0  libspace.o ABSOLUTE
    ../clib/angel/sysapp.c                   0x00000000   Number         0  sys_wrch.o ABSOLUTE
    ../clib/angel/sysapp.c                   0x00000000   Number         0  sys_exit.o ABSOLUTE
    ../clib/angel/sysapp.c                   0x00000000   Number         0  sys_command.o ABSOLUTE
    ../clib/armsys.c                         0x00000000   Number         0  _get_argv_nomalloc.o ABSOLUTE
    ../clib/armsys.c                         0x00000000   Number         0  argv_veneer.o ABSOLUTE
    ../clib/armsys.c                         0x00000000   Number         0  no_argv.o ABSOLUTE
    ../clib/armsys.c                         0x00000000   Number         0  argv_veneer.o ABSOLUTE
    ../clib/division.s                       0x00000000   Number         0  aeabi_sdiv_div0.o ABSOLUTE
    ../clib/division.s                       0x00000000   Number         0  aeabi_sdiv.o ABSOLUTE
    ../clib/division.s                       0x00000000   Number         0  rtudiv10.o ABSOLUTE
    ../clib/divrt.s                          0x00000000   Number         0  divrt_7tdmi_div0.o ABSOLUTE
    ../clib/divrt.s                          0x00000000   Number         0  divrt_7tdmi.o ABSOLUTE
    ../clib/heapalloc.c                      0x00000000   Number         0  hrguard.o ABSOLUTE
    ../clib/heapaux.c                        0x00000000   Number         0  heapauxi.o ABSOLUTE
    ../clib/libinit.s                        0x00000000   Number         0  libinit.o ABSOLUTE
    ../clib/libinit.s                        0x00000000   Number         0  libshutdown2.o ABSOLUTE
    ../clib/libinit.s                        0x00000000   Number         0  libshutdown.o ABSOLUTE
    ../clib/libinit.s                        0x00000000   Number         0  libinit2.o ABSOLUTE
    ../clib/memcpset.s                       0x00000000   Number         0  rt_memcpy_w.o ABSOLUTE
    ../clib/memcpset.s                       0x00000000   Number         0  rt_memcpy.o ABSOLUTE
    ../clib/memcpset.s                       0x00000000   Number         0  aeabi_memset.o ABSOLUTE
    ../clib/memcpset.s                       0x00000000   Number         0  rt_memclr.o ABSOLUTE
    ../clib/memcpset.s                       0x00000000   Number         0  rt_memclr_w.o ABSOLUTE
    ../clib/misc.s                           0x00000000   Number         0  printf_stubs.o ABSOLUTE
    ../clib/printf.c                         0x00000000   Number         0  __printf_flags_ss_wp.o ABSOLUTE
    ../clib/printf.c                         0x00000000   Number         0  __printf_ss_wp.o ABSOLUTE
    ../clib/printf.c                         0x00000000   Number         0  _printf_intcommon.o ABSOLUTE
    ../clib/printf.c                         0x00000000   Number         0  __printf_wp.o ABSOLUTE
    ../clib/printf.c                         0x00000000   Number         0  __printf_flags_ss.o ABSOLUTE
    ../clib/printf.c                         0x00000000   Number         0  __printf_ss.o ABSOLUTE
    ../clib/printf.c                         0x00000000   Number         0  __printf_flags.o ABSOLUTE
    ../clib/printf.c                         0x00000000   Number         0  _printf_char_common.o ABSOLUTE
    ../clib/printf.c                         0x00000000   Number         0  __printf_nopercent.o ABSOLUTE
    ../clib/printf.c                         0x00000000   Number         0  _printf_dec.o ABSOLUTE
    ../clib/printf.c                         0x00000000   Number         0  __2sprintf.o ABSOLUTE
    ../clib/printf.c                         0x00000000   Number         0  __printf_flags_wp.o ABSOLUTE
    ../clib/printf.c                         0x00000000   Number         0  noretval__2sprintf.o ABSOLUTE
    ../clib/printf.c                         0x00000000   Number         0  __printf.o ABSOLUTE
    ../clib/printf.c                         0x00000000   Number         0  _printf_pad.o ABSOLUTE
    ../clib/printf.c                         0x00000000   Number         0  _printf_char.o ABSOLUTE
    ../clib/printf.c                         0x00000000   Number         0  _printf_str.o ABSOLUTE
    ../clib/printf.c                         0x00000000   Number         0  _sputc.o ABSOLUTE
    ../clib/printf_percent.s                 0x00000000   Number         0  _printf_s.o ABSOLUTE
    ../clib/printf_percent.s                 0x00000000   Number         0  _printf_c.o ABSOLUTE
    ../clib/printf_percent.s                 0x00000000   Number         0  _printf_percent.o ABSOLUTE
    ../clib/printf_percent.s                 0x00000000   Number         0  _printf_d.o ABSOLUTE
    ../clib/printf_percent.s                 0x00000000   Number         0  _printf_percent_end.o ABSOLUTE
    ../clib/signal.c                         0x00000000   Number         0  defsig_fpe_formal.o ABSOLUTE
    ../clib/signal.c                         0x00000000   Number         0  defsig_exit.o ABSOLUTE
    ../clib/signal.c                         0x00000000   Number         0  defsig_fpe_inner.o ABSOLUTE
    ../clib/signal.c                         0x00000000   Number         0  defsig_general.o ABSOLUTE
    ../clib/signal.c                         0x00000000   Number         0  defsig_abrt_inner.o ABSOLUTE
    ../clib/signal.c                         0x00000000   Number         0  defsig_rtred_inner.o ABSOLUTE
    ../clib/signal.c                         0x00000000   Number         0  defsig_rtmem_inner.o ABSOLUTE
    ../clib/signal.c                         0x00000000   Number         0  defsig_rtmem_outer.o ABSOLUTE
    ../clib/signal.c                         0x00000000   Number         0  defsig_rtmem_formal.o ABSOLUTE
    ../clib/signal.c                         0x00000000   Number         0  defsig_stak_inner.o ABSOLUTE
    ../clib/signal.c                         0x00000000   Number         0  defsig_pvfn_inner.o ABSOLUTE
    ../clib/signal.c                         0x00000000   Number         0  defsig_cppl_inner.o ABSOLUTE
    ../clib/signal.c                         0x00000000   Number         0  defsig_segv_inner.o ABSOLUTE
    ../clib/signal.c                         0x00000000   Number         0  defsig_other.o ABSOLUTE
    ../clib/signal.c                         0x00000000   Number         0  __raise.o ABSOLUTE
    ../clib/signal.c                         0x00000000   Number         0  defsig_fpe_outer.o ABSOLUTE
    ../clib/signal.s                         0x00000000   Number         0  defsig.o ABSOLUTE
    ../clib/stdlib.c                         0x00000000   Number         0  exit.o ABSOLUTE
    ../clib/string.c                         0x00000000   Number         0  memcmp.o ABSOLUTE
    ../clib/string.c                         0x00000000   Number         0  strchr.o ABSOLUTE
    ../fplib/faddsub.s                       0x00000000   Number         0  faddsub_noclz.o ABSOLUTE
    ../fplib/fcheck1.s                       0x00000000   Number         0  fcheck1.o ABSOLUTE
    ../fplib/ffix.s                          0x00000000   Number         0  ffix.o ABSOLUTE
    ../fplib/fflt.s                          0x00000000   Number         0  fflt_noclz.o ABSOLUTE
    ../fplib/fmul.s                          0x00000000   Number         0  fmul.o ABSOLUTE
    ../fplib/fnaninf.s                       0x00000000   Number         0  fnaninf.o ABSOLUTE
    ../fplib/fpinit.s                        0x00000000   Number         0  fpinit.o ABSOLUTE
    ../fplib/fretinf.s                       0x00000000   Number         0  fretinf.o ABSOLUTE
    ../fplib/retnan.s                        0x00000000   Number         0  retnan.o ABSOLUTE
    ../fplib/scalbnf.s                       0x00000000   Number         0  scalbnf.o ABSOLUTE
    ../fplib/trapv.s                         0x00000000   Number         0  trapv.o ABSOLUTE
    ../fplib/usenofp.s                       0x00000000   Number         0  usenofp.o ABSOLUTE
    C:\Users\sanje\Downloads\ffsample (1)\lpc23xx\diskio.c 0x00000000   Number         0  diskio.o ABSOLUTE
    C:\Users\sanje\Downloads\ffsample (1)\lpc23xx\ff.c 0x00000000   Number         0  ff.o ABSOLUTE
    C:\Users\sanje\Downloads\ffsample (1)\lpc23xx\ffsystem.c 0x00000000   Number         0  ffsystem.o ABSOLUTE
    C:\Users\sanje\Downloads\ffsample (1)\lpc23xx\ffunicode.c 0x00000000   Number         0  ffunicode.o ABSOLUTE
    Startup.s                                0x00000000   Number         0  startup.o ABSOLUTE
    dc.s                                     0x00000000   Number         0  dc.o ABSOLUTE
    delay.c                                  0x00000000   Number         0  delay.o ABSOLUTE
    finalesd.c                               0x00000000   Number         0  finalesd.o ABSOLUTE
    mmc.c                                    0x00000000   Number         0  mmc.o ABSOLUTE
    spi.c                                    0x00000000   Number         0  spi.o ABSOLUTE
    Undef_Handler                            0x00000040   ARM Code       4  startup.o(RESET)
    SWI_Handler                              0x00000044   ARM Code       4  startup.o(RESET)
    PAbt_Handler                             0x00000048   ARM Code       4  startup.o(RESET)
    DAbt_Handler                             0x0000004c   ARM Code       4  startup.o(RESET)
    IRQ_Handler                              0x00000050   ARM Code       4  startup.o(RESET)
    FIQ_Handler                              0x00000054   ARM Code       4  startup.o(RESET)
    !!!main                                  0x00000110   Section        8  __main.o(!!!main)
    !!!scatter                               0x00000118   Section       60  __scatter.o(!!!scatter)
    !!handler_copy                           0x00000154   Section       40  __scatter_copy.o(!!handler_copy)
    !!handler_zi                             0x0000017c   Section       44  __scatter_zi.o(!!handler_zi)
    .ARM.Collect$$_printf_percent$$00000000  0x000001ac   Section        0  _printf_percent.o(.ARM.Collect$$_printf_percent$$00000000)
    .ARM.Collect$$_printf_percent$$00000009  0x000001ac   Section        8  _printf_d.o(.ARM.Collect$$_printf_percent$$00000009)
    .ARM.Collect$$_printf_percent$$00000013  0x000001b4   Section        8  _printf_c.o(.ARM.Collect$$_printf_percent$$00000013)
    .ARM.Collect$$_printf_percent$$00000014  0x000001bc   Section        8  _printf_s.o(.ARM.Collect$$_printf_percent$$00000014)
    .ARM.Collect$$_printf_percent$$00000017  0x000001c4   Section        8  _printf_percent_end.o(.ARM.Collect$$_printf_percent$$00000017)
    .ARM.Collect$$libinit$$00000000          0x000001d4   Section        2  libinit.o(.ARM.Collect$$libinit$$00000000)
    .ARM.Collect$$libinit$$00000002          0x000001d6   Section        0  libinit2.o(.ARM.Collect$$libinit$$00000002)
    .ARM.Collect$$libinit$$00000008          0x000001d6   Section        0  libinit2.o(.ARM.Collect$$libinit$$00000008)
    .ARM.Collect$$libinit$$0000000A          0x000001d6   Section        0  libinit2.o(.ARM.Collect$$libinit$$0000000A)
    .ARM.Collect$$libinit$$0000000C          0x000001d6   Section        0  libinit2.o(.ARM.Collect$$libinit$$0000000C)
    .ARM.Collect$$libinit$$0000000F          0x000001d6   Section        0  libinit2.o(.ARM.Collect$$libinit$$0000000F)
    .ARM.Collect$$libinit$$00000011          0x000001d6   Section        0  libinit2.o(.ARM.Collect$$libinit$$00000011)
    .ARM.Collect$$libinit$$00000013          0x000001d6   Section        0  libinit2.o(.ARM.Collect$$libinit$$00000013)
    .ARM.Collect$$libinit$$00000015          0x000001d6   Section        0  libinit2.o(.ARM.Collect$$libinit$$00000015)
    .ARM.Collect$$libinit$$00000017          0x000001d6   Section        0  libinit2.o(.ARM.Collect$$libinit$$00000017)
    .ARM.Collect$$libinit$$00000019          0x000001d6   Section        0  libinit2.o(.ARM.Collect$$libinit$$00000019)
    .ARM.Collect$$libinit$$0000001B          0x000001d6   Section        0  libinit2.o(.ARM.Collect$$libinit$$0000001B)
    .ARM.Collect$$libinit$$0000001D          0x000001d6   Section        0  libinit2.o(.ARM.Collect$$libinit$$0000001D)
    .ARM.Collect$$libinit$$0000001F          0x000001d6   Section        0  libinit2.o(.ARM.Collect$$libinit$$0000001F)
    .ARM.Collect$$libinit$$00000021          0x000001d6   Section        0  libinit2.o(.ARM.Collect$$libinit$$00000021)
    .ARM.Collect$$libinit$$00000023          0x000001d6   Section        0  libinit2.o(.ARM.Collect$$libinit$$00000023)
    .ARM.Collect$$libinit$$0000002A          0x000001d6   Section        0  libinit2.o(.ARM.Collect$$libinit$$0000002A)
    .ARM.Collect$$libinit$$0000002C          0x000001d6   Section        0  libinit2.o(.ARM.Collect$$libinit$$0000002C)
    .ARM.Collect$$libinit$$0000002E          0x000001d6   Section        0  libinit2.o(.ARM.Collect$$libinit$$0000002E)
    .ARM.Collect$$libinit$$00000030          0x000001d6   Section        0  libinit2.o(.ARM.Collect$$libinit$$00000030)
    .ARM.Collect$$libinit$$00000031          0x000001d6   Section       12  libinit2.o(.ARM.Collect$$libinit$$00000031)
    .ARM.Collect$$libshutdown$$00000000      0x000001ec   Section        4  libshutdown.o(.ARM.Collect$$libshutdown$$00000000)
    .ARM.Collect$$libshutdown$$00000003      0x000001f0   Section        0  libshutdown2.o(.ARM.Collect$$libshutdown$$00000003)
    .ARM.Collect$$libshutdown$$00000006      0x000001f0   Section        0  libshutdown2.o(.ARM.Collect$$libshutdown$$00000006)
    .ARM.Collect$$libshutdown$$00000009      0x000001f0   Section        0  libshutdown2.o(.ARM.Collect$$libshutdown$$00000009)
    .ARM.Collect$$libshutdown$$0000000B      0x000001f0   Section        0  libshutdown2.o(.ARM.Collect$$libshutdown$$0000000B)
    .ARM.Collect$$libshutdown$$0000000E      0x000001f0   Section        0  libshutdown2.o(.ARM.Collect$$libshutdown$$0000000E)
    .ARM.Collect$$libshutdown$$0000000F      0x000001f0   Section        6  libshutdown2.o(.ARM.Collect$$libshutdown$$0000000F)
    .ARM.Collect$$rtentry$$00000000          0x000001f8   Section        0  rtentry.o(.ARM.Collect$$rtentry$$00000000)
    .ARM.Collect$$rtentry$$00000002          0x000001f8   Section        0  rtentry2.o(.ARM.Collect$$rtentry$$00000002)
    .ARM.Collect$$rtentry$$00000004          0x000001f8   Section        8  rtentry4.o(.ARM.Collect$$rtentry$$00000004)
    .ARM.Collect$$rtentry$$00000009          0x00000200   Section        0  rtentry2.o(.ARM.Collect$$rtentry$$00000009)
    .ARM.Collect$$rtentry$$0000000A          0x00000200   Section        4  rtentry2.o(.ARM.Collect$$rtentry$$0000000A)
    .ARM.Collect$$rtentry$$0000000C          0x00000204   Section        0  rtentry2.o(.ARM.Collect$$rtentry$$0000000C)
    .ARM.Collect$$rtentry$$0000000D          0x00000204   Section       40  rtentry2.o(.ARM.Collect$$rtentry$$0000000D)
    .ARM.Collect$$rtexit$$00000000           0x00000230   Section        4  rtexit.o(.ARM.Collect$$rtexit$$00000000)
    .ARM.Collect$$rtexit$$00000002           0x00000234   Section        0  rtexit2.o(.ARM.Collect$$rtexit$$00000002)
    .ARM.Collect$$rtexit$$00000003           0x00000234   Section        4  rtexit2.o(.ARM.Collect$$rtexit$$00000003)
    .ARM.Collect$$rtexit$$00000004           0x00000238   Section        8  rtexit2.o(.ARM.Collect$$rtexit$$00000004)
    .text                                    0x00000240   Section       32  startup.o(.text)
    .text                                    0x00000268   Section        0  __2sprintf.o(.text)
    .text                                    0x00000294   Section        0  _printf_pad.o(.text)
    .text                                    0x000002ea   Section        0  _printf_str.o(.text)
    .text                                    0x0000034c   Section        0  _printf_dec.o(.text)
    .text                                    0x000003bc   Section        0  __printf_flags_wp.o(.text)
    .text                                    0x0000050c   Section        0  strchr.o(.text)
    .text                                    0x0000052c   Section        0  memcmp.o(.text)
    .text                                    0x000005a4   Section      212  rt_memcpy.o(.text)
    .text                                    0x00000678   Section      100  rt_memcpy_w.o(.text)
    .text                                    0x000006dc   Section       16  aeabi_memset.o(.text)
    .text                                    0x000006ec   Section       64  rt_memclr.o(.text)
    .text                                    0x0000072c   Section       84  rt_memclr_w.o(.text)
    .text                                    0x00000780   Section      384  aeabi_sdiv.o(.text)
    __arm_div8                               0x000007ac   ARM Code       0  aeabi_sdiv.o(.text)
    __arm_div5                               0x000007d0   ARM Code       0  aeabi_sdiv.o(.text)
    __arm_div2                               0x000007f4   ARM Code       0  aeabi_sdiv.o(.text)
    __arm_div_large                          0x00000830   ARM Code       0  aeabi_sdiv.o(.text)
    .text                                    0x00000900   Section        0  heapauxi.o(.text)
    .text                                    0x00000906   Section        0  _printf_intcommon.o(.text)
    .text                                    0x000009c0   Section        0  _printf_char_common.o(.text)
    _printf_input_char                       0x000009c1   Thumb Code    10  _printf_char_common.o(.text)
    .text                                    0x000009f0   Section        0  _sputc.o(.text)
    .text                                    0x00000a04   Section        0  _printf_char.o(.text)
    .text                                    0x00000a3c   Section       44  rtudiv10.o(.text)
    .text                                    0x00000a68   Section       96  sys_stackheap_outer.o(.text)
    .text                                    0x00000ac8   Section        0  exit.o(.text)
    .text                                    0x00000ad4   Section       12  libspace.o(.text)
    .text                                    0x00000ae8   Section        0  sys_exit.o(.text)
    .text                                    0x00000af4   Section        4  use_no_semi.o(.text)
    .text                                    0x00000af8   Section        0  indicate_semi.o(.text)
    .text_udiv                               0x00000af8   Section       36  aeabi_sdiv.o(.text_udiv)
    i.DS18B20_ReadByte                       0x00000b28   Section        0  finalesd.o(i.DS18B20_ReadByte)
    i.DS18B20_ReadTemp                       0x00000ba0   Section        0  finalesd.o(i.DS18B20_ReadTemp)
    i.DS18B20_Reset                          0x00000c28   Section        0  finalesd.o(i.DS18B20_Reset)
    i.DS18B20_WriteByte                      0x00000c84   Section        0  finalesd.o(i.DS18B20_WriteByte)
    i.Init_GPIO                              0x00000d04   Section        0  finalesd.o(i.Init_GPIO)
    i.Init_PLL                               0x00000d5c   Section        0  finalesd.o(i.Init_PLL)
    i.Read_LDR                               0x00000da8   Section        0  finalesd.o(i.Read_LDR)
    i.Read_Moisture                          0x00000dc0   Section        0  finalesd.o(i.Read_Moisture)
    i.SD_Log_Readings                        0x00000dd8   Section        0  finalesd.o(i.SD_Log_Readings)
    i.SPI_Init                               0x0000105c   Section        0  finalesd.o(i.SPI_Init)
    i.UART0_Init                             0x00001088   Section        0  finalesd.o(i.UART0_Init)
    i.UART0_Send                             0x000010c4   Section        0  finalesd.o(i.UART0_Send)
    i.UART0_SendChar                         0x000010ec   Section        0  finalesd.o(i.UART0_SendChar)
    i.__ARM_common_call_via_r1               0x00001108   Section        0  __printf.o(i.__ARM_common_call_via_r1)
    i.__ARM_common_call_via_r2               0x0000110a   Section        0  __printf.o(i.__ARM_common_call_via_r2)
    i._is_digit                              0x0000110c   Section        0  __printf_wp.o(i._is_digit)
    i.check_fs                               0x0000111c   Section        0  ff.o(i.check_fs)
    check_fs                                 0x0000111c   ARM Code     284  ff.o(i.check_fs)
    i.clmt_clust                             0x00001248   Section        0  ff.o(i.clmt_clust)
    clmt_clust                               0x00001248   ARM Code      80  ff.o(i.clmt_clust)
    i.clst2sect                              0x00001298   Section        0  ff.o(i.clst2sect)
    clst2sect                                0x00001298   ARM Code      36  ff.o(i.clst2sect)
    i.create_chain                           0x000012bc   Section        0  ff.o(i.create_chain)
    create_chain                             0x000012bc   ARM Code     396  ff.o(i.create_chain)
    i.create_name                            0x00001448   Section        0  ff.o(i.create_name)
    create_name                              0x00001448   ARM Code     408  ff.o(i.create_name)
    i.dbc_1st                                0x000015f0   Section        0  ff.o(i.dbc_1st)
    dbc_1st                                  0x000015f0   ARM Code      36  ff.o(i.dbc_1st)
    i.dbc_2nd                                0x00001614   Section        0  ff.o(i.dbc_2nd)
    dbc_2nd                                  0x00001614   ARM Code      36  ff.o(i.dbc_2nd)
    i.delay_ms                               0x00001638   Section        0  delay.o(i.delay_ms)
    i.delay_us                               0x0000165c   Section        0  delay.o(i.delay_us)
    i.dir_alloc                              0x0000167c   Section        0  ff.o(i.dir_alloc)
    dir_alloc                                0x0000167c   ARM Code     124  ff.o(i.dir_alloc)
    i.dir_clear                              0x000016f8   Section        0  ff.o(i.dir_clear)
    dir_clear                                0x000016f8   ARM Code     140  ff.o(i.dir_clear)
    i.dir_next                               0x00001784   Section        0  ff.o(i.dir_next)
    dir_next                                 0x00001784   ARM Code     312  ff.o(i.dir_next)
    i.dir_register                           0x000018bc   Section        0  ff.o(i.dir_register)
    dir_register                             0x000018bc   ARM Code      96  ff.o(i.dir_register)
    i.dir_sdi                                0x0000191c   Section        0  ff.o(i.dir_sdi)
    dir_sdi                                  0x0000191c   ARM Code     232  ff.o(i.dir_sdi)
    i.disk_initialize                        0x00001a04   Section        0  diskio.o(i.disk_initialize)
    i.disk_ioctl                             0x00001a24   Section        0  diskio.o(i.disk_ioctl)
    i.disk_read                              0x00001a80   Section        0  diskio.o(i.disk_read)
    i.disk_status                            0x00001ad4   Section        0  diskio.o(i.disk_status)
    i.disk_write                             0x00001ae0   Section        0  diskio.o(i.disk_write)
    i.f_close                                0x00001b34   Section        0  ff.o(i.f_close)
    i.f_mount                                0x00001b68   Section        0  ff.o(i.f_mount)
    i.f_open                                 0x00001be8   Section        0  ff.o(i.f_open)
    i.f_sync                                 0x00001ea8   Section        0  ff.o(i.f_sync)
    i.f_write                                0x00001f88   Section        0  ff.o(i.f_write)
    i.follow_path                            0x00002218   Section        0  ff.o(i.follow_path)
    follow_path                              0x00002218   ARM Code     392  ff.o(i.follow_path)
    i.get_fat                                0x000023a0   Section        0  ff.o(i.get_fat)
    get_fat                                  0x000023a0   ARM Code     284  ff.o(i.get_fat)
    i.get_fattime                            0x000024bc   Section        0  finalesd.o(i.get_fattime)
    i.get_ldnumber                           0x000024c8   Section        0  ff.o(i.get_ldnumber)
    get_ldnumber                             0x000024c8   ARM Code     204  ff.o(i.get_ldnumber)
    i.init_spi                               0x0000259c   Section        0  spi.o(i.init_spi)
    i.ld_clust                               0x000025e0   Section        0  ff.o(i.ld_clust)
    ld_clust                                 0x000025e0   ARM Code      60  ff.o(i.ld_clust)
    i.ld_dword                               0x0000261c   Section        0  ff.o(i.ld_dword)
    ld_dword                                 0x0000261c   ARM Code      32  ff.o(i.ld_dword)
    i.ld_word                                0x0000263c   Section        0  ff.o(i.ld_word)
    ld_word                                  0x0000263c   ARM Code      16  ff.o(i.ld_word)
    i.main                                   0x0000264c   Section        0  finalesd.o(i.main)
    i.mmc_deselect                           0x000026bc   Section        0  mmc.o(i.mmc_deselect)
    i.mmc_get_sector_count                   0x000026d4   Section        0  mmc.o(i.mmc_get_sector_count)
    i.mmc_init                               0x000026dc   Section        0  mmc.o(i.mmc_init)
    i.mmc_read_sector                        0x00002784   Section        0  mmc.o(i.mmc_read_sector)
    i.mmc_write_sector                       0x00002814   Section        0  mmc.o(i.mmc_write_sector)
    i.mount_volume                           0x000028a0   Section        0  ff.o(i.mount_volume)
    mount_volume                             0x000028a0   ARM Code     876  ff.o(i.mount_volume)
    i.move_window                            0x00002c24   Section        0  ff.o(i.move_window)
    move_window                              0x00002c24   ARM Code      92  ff.o(i.move_window)
    i.put_fat                                0x00002c80   Section        0  ff.o(i.put_fat)
    put_fat                                  0x00002c80   ARM Code     356  ff.o(i.put_fat)
    i.remove_chain                           0x00002de4   Section        0  ff.o(i.remove_chain)
    remove_chain                             0x00002de4   ARM Code     204  ff.o(i.remove_chain)
    i.send_cmd                               0x00002eb0   Section        0  mmc.o(i.send_cmd)
    i.spi_transfer                           0x00002f24   Section        0  spi.o(i.spi_transfer)
    i.st_clust                               0x00002f48   Section        0  ff.o(i.st_clust)
    st_clust                                 0x00002f48   ARM Code      68  ff.o(i.st_clust)
    i.st_dword                               0x00002f8c   Section        0  ff.o(i.st_dword)
    st_dword                                 0x00002f8c   ARM Code      32  ff.o(i.st_dword)
    i.st_word                                0x00002fac   Section        0  ff.o(i.st_word)
    st_word                                  0x00002fac   ARM Code      16  ff.o(i.st_word)
    i.sync_fs                                0x00002fbc   Section        0  ff.o(i.sync_fs)
    sync_fs                                  0x00002fbc   ARM Code     192  ff.o(i.sync_fs)
    i.sync_window                            0x00003088   Section        0  ff.o(i.sync_window)
    sync_window                              0x00003088   ARM Code     136  ff.o(i.sync_window)
    i.validate                               0x00003110   Section        0  ff.o(i.validate)
    validate                                 0x00003110   ARM Code      96  ff.o(i.validate)
    x$fpl$fadd                               0x00003170   Section      196  faddsub_noclz.o(x$fpl$fadd)
    _fadd1                                   0x0000317c   ARM Code       0  faddsub_noclz.o(x$fpl$fadd)
    x$fpl$fcheck1                            0x00003234   Section       12  fcheck1.o(x$fpl$fcheck1)
    x$fpl$ffix                               0x00003240   Section       68  ffix.o(x$fpl$ffix)
    x$fpl$fflt                               0x00003284   Section       92  fflt_noclz.o(x$fpl$fflt)
    x$fpl$fmul                               0x000032e0   Section      256  fmul.o(x$fpl$fmul)
    x$fpl$fnaninf                            0x000033e0   Section      168  fnaninf.o(x$fpl$fnaninf)
    x$fpl$fretinf                            0x00003488   Section       16  fretinf.o(x$fpl$fretinf)
    x$fpl$frsb                               0x00003498   Section       20  faddsub_noclz.o(x$fpl$frsb)
    x$fpl$fsub                               0x000034ac   Section      304  faddsub_noclz.o(x$fpl$fsub)
    _fsub1                                   0x000034b8   ARM Code       0  faddsub_noclz.o(x$fpl$fsub)
    x$fpl$retnan                             0x000035dc   Section      116  retnan.o(x$fpl$retnan)
    x$fpl$scalbnf                            0x00003650   Section       92  scalbnf.o(x$fpl$scalbnf)
    x$fpl$trapveneer                         0x000036ac   Section       60  trapv.o(x$fpl$trapveneer)
    .constdata                               0x000036e8   Section       72  ff.o(.constdata)
    x$fpl$usenofp                            0x000036e8   Section        0  usenofp.o(x$fpl$usenofp)
    VolumeStr                                0x000036e8   Data           8  ff.o(.constdata)
    badchr                                   0x000036f0   Data          18  ff.o(.constdata)
    cst                                      0x00003702   Data          14  ff.o(.constdata)
    cst32                                    0x00003710   Data          14  ff.o(.constdata)
    defopt                                   0x00003720   Data          16  ff.o(.constdata)
    .constdata                               0x00003730   Section       17  __printf_flags_wp.o(.constdata)
    maptable                                 0x00003730   Data          17  __printf_flags_wp.o(.constdata)
    .conststring                             0x00003741   Section        8  ff.o(.conststring)
    .data                                    0x40000000   Section       12  ff.o(.data)
    CurrVol                                  0x40000000   Data           1  ff.o(.data)
    Fsid                                     0x40000002   Data           2  ff.o(.data)
    FatFs                                    0x40000004   Data           8  ff.o(.data)
    .bss                                     0x4000000c   Section      560  finalesd.o(.bss)
    .bss                                     0x4000023c   Section       96  libspace.o(.bss)
    HEAP                                     0x400002a0   Section        0  startup.o(HEAP)
    STACK                                    0x400002a0   Section     1160  startup.o(STACK)
    Heap_Mem                                 0x400002a0   Data           0  startup.o(HEAP)
    Stack_Mem                                0x400002a0   Data        1024  startup.o(STACK)
    Stack_Top                                0x40000728   Data           0  startup.o(STACK)

    Global Symbols

    Symbol Name                              Value     Ov Type        Size  Object(Section)

    BuildAttributes$$THM_ISAv1$ARM_ISAv4$S$PE$A:L22$X:L11$S22$IEEE1$IW$USESV6$~STKCKD$USESV7$~SHL$OSPACE$ROPI$EBA8$UX$STANDARDLIB$REQ8$PRES8$EABIv2 0x00000000   Number         0  anon$$obj.o ABSOLUTE
    __ARM_use_no_argv                        0x00000000   Number         0  finalesd.o ABSOLUTE
    _printf_flags                            0x00000000   Number         0  printf_stubs.o ABSOLUTE
    _printf_return_value                     0x00000000   Number         0  printf_stubs.o ABSOLUTE
    _printf_sizespec                         0x00000000   Number         0  printf_stubs.o ABSOLUTE
    _printf_widthprec                        0x00000000   Number         0  printf_stubs.o ABSOLUTE
    __ARM_exceptions_init                     - Undefined Weak Reference
    __alloca_initialize                       - Undefined Weak Reference
    __cpp_initialize__aeabi_                  - Undefined Weak Reference
    __cxa_finalize                            - Undefined Weak Reference
    __rt_locale                               - Undefined Weak Reference
    __sigvec_lookup                           - Undefined Weak Reference
    _atexit_init                              - Undefined Weak Reference
    _call_atexit_fns                          - Undefined Weak Reference
    _clock_init                               - Undefined Weak Reference
    _fp_trap_init                             - Undefined Weak Reference
    _fp_trap_shutdown                         - Undefined Weak Reference
    _get_lc_collate                           - Undefined Weak Reference
    _get_lc_ctype                             - Undefined Weak Reference
    _get_lc_monetary                          - Undefined Weak Reference
    _get_lc_numeric                           - Undefined Weak Reference
    _get_lc_time                              - Undefined Weak Reference
    _getenv_init                              - Undefined Weak Reference
    _handle_redirection                       - Undefined Weak Reference
    _init_alloc                               - Undefined Weak Reference
    _init_user_alloc                          - Undefined Weak Reference
    _initio                                   - Undefined Weak Reference
    _printf_mbtowc                            - Undefined Weak Reference
    _printf_truncate_signed                   - Undefined Weak Reference
    _printf_truncate_unsigned                 - Undefined Weak Reference
    _rand_init                                - Undefined Weak Reference
    _signal_finish                            - Undefined Weak Reference
    _signal_init                              - Undefined Weak Reference
    _terminate_alloc                          - Undefined Weak Reference
    _terminate_user_alloc                     - Undefined Weak Reference
    _terminateio                              - Undefined Weak Reference
    Reset_Handler                            0x00000058   ARM Code       0  startup.o(RESET)
    __main                                   0x00000110   ARM Code       8  __main.o(!!!main)
    __scatterload                            0x00000118   ARM Code       0  __scatter.o(!!!scatter)
    __scatterload_rt2                        0x00000118   ARM Code      52  __scatter.o(!!!scatter)
    __scatterload_null                       0x0000012c   ARM Code       0  __scatter.o(!!!scatter)
    __scatterload_copy                       0x00000154   ARM Code      40  __scatter_copy.o(!!handler_copy)
    __scatterload_zeroinit                   0x0000017c   ARM Code      44  __scatter_zi.o(!!handler_zi)
    Inline Thumb to ARM Veneer to _printf_percent 0x000001a9   Thumb Code     4  _printf_percent.o(.ARM.Collect$$_printf_percent$$00000000)
    _printf_d                                0x000001ac   ARM Code       0  _printf_d.o(.ARM.Collect$$_printf_percent$$00000009)
    _printf_percent                          0x000001ac   ARM Code       0  _printf_percent.o(.ARM.Collect$$_printf_percent$$00000000)
    _printf_c                                0x000001b4   ARM Code       0  _printf_c.o(.ARM.Collect$$_printf_percent$$00000013)
    _printf_s                                0x000001bc   ARM Code       0  _printf_s.o(.ARM.Collect$$_printf_percent$$00000014)
    _printf_percent_end                      0x000001c4   ARM Code       0  _printf_percent_end.o(.ARM.Collect$$_printf_percent$$00000017)
    Inline ARM to Thumb Veneer to __rt_lib_init 0x000001cc   ARM Code       8  libinit.o(.ARM.Collect$$libinit$$00000000)
    __rt_lib_init                            0x000001d5   Thumb Code     0  libinit.o(.ARM.Collect$$libinit$$00000000)
    __rt_lib_init_alloca_1                   0x000001d7   Thumb Code     0  libinit2.o(.ARM.Collect$$libinit$$0000002C)
    __rt_lib_init_argv_1                     0x000001d7   Thumb Code     0  libinit2.o(.ARM.Collect$$libinit$$0000002A)
    __rt_lib_init_atexit_1                   0x000001d7   Thumb Code     0  libinit2.o(.ARM.Collect$$libinit$$00000019)
    __rt_lib_init_clock_1                    0x000001d7   Thumb Code     0  libinit2.o(.ARM.Collect$$libinit$$0000001F)
    __rt_lib_init_cpp_1                      0x000001d7   Thumb Code     0  libinit2.o(.ARM.Collect$$libinit$$00000030)
    __rt_lib_init_exceptions_1               0x000001d7   Thumb Code     0  libinit2.o(.ARM.Collect$$libinit$$0000002E)
    __rt_lib_init_fp_1                       0x000001d7   Thumb Code     0  libinit2.o(.ARM.Collect$$libinit$$00000002)
    __rt_lib_init_fp_trap_1                  0x000001d7   Thumb Code     0  libinit2.o(.ARM.Collect$$libinit$$0000001D)
    __rt_lib_init_getenv_1                   0x000001d7   Thumb Code     0  libinit2.o(.ARM.Collect$$libinit$$00000021)
    __rt_lib_init_heap_1                     0x000001d7   Thumb Code     0  libinit2.o(.ARM.Collect$$libinit$$00000008)
    __rt_lib_init_lc_collate_1               0x000001d7   Thumb Code     0  libinit2.o(.ARM.Collect$$libinit$$0000000F)
    __rt_lib_init_lc_ctype_1                 0x000001d7   Thumb Code     0  libinit2.o(.ARM.Collect$$libinit$$00000011)
    __rt_lib_init_lc_monetary_1              0x000001d7   Thumb Code     0  libinit2.o(.ARM.Collect$$libinit$$00000013)
    __rt_lib_init_lc_numeric_1               0x000001d7   Thumb Code     0  libinit2.o(.ARM.Collect$$libinit$$00000015)
    __rt_lib_init_lc_time_1                  0x000001d7   Thumb Code     0  libinit2.o(.ARM.Collect$$libinit$$00000017)
    __rt_lib_init_rand_1                     0x000001d7   Thumb Code     0  libinit2.o(.ARM.Collect$$libinit$$0000000C)
    __rt_lib_init_return                     0x000001d7   Thumb Code     0  libinit2.o(.ARM.Collect$$libinit$$00000031)
    __rt_lib_init_signal_1                   0x000001d7   Thumb Code     0  libinit2.o(.ARM.Collect$$libinit$$0000001B)
    __rt_lib_init_stdio_1                    0x000001d7   Thumb Code     0  libinit2.o(.ARM.Collect$$libinit$$00000023)
    __rt_lib_init_user_alloc_1               0x000001d7   Thumb Code     0  libinit2.o(.ARM.Collect$$libinit$$0000000A)
    Inline ARM to Thumb Veneer to __rt_lib_shutdown 0x000001e4   ARM Code       8  libshutdown.o(.ARM.Collect$$libshutdown$$00000000)
    __rt_lib_shutdown                        0x000001ed   Thumb Code     0  libshutdown.o(.ARM.Collect$$libshutdown$$00000000)
    __rt_lib_shutdown_fp_trap_1              0x000001f1   Thumb Code     0  libshutdown2.o(.ARM.Collect$$libshutdown$$00000006)
    __rt_lib_shutdown_heap_1                 0x000001f1   Thumb Code     0  libshutdown2.o(.ARM.Collect$$libshutdown$$0000000E)
    __rt_lib_shutdown_return                 0x000001f1   Thumb Code     0  libshutdown2.o(.ARM.Collect$$libshutdown$$0000000F)
    __rt_lib_shutdown_signal_1               0x000001f1   Thumb Code     0  libshutdown2.o(.ARM.Collect$$libshutdown$$00000009)
    __rt_lib_shutdown_stdio_1                0x000001f1   Thumb Code     0  libshutdown2.o(.ARM.Collect$$libshutdown$$00000003)
    __rt_lib_shutdown_user_alloc_1           0x000001f1   Thumb Code     0  libshutdown2.o(.ARM.Collect$$libshutdown$$0000000B)
    __rt_entry                               0x000001f8   ARM Code       0  rtentry.o(.ARM.Collect$$rtentry$$00000000)
    __rt_entry_presh_1                       0x000001f8   ARM Code       0  rtentry2.o(.ARM.Collect$$rtentry$$00000002)
    __rt_entry_sh                            0x000001f8   ARM Code       0  rtentry4.o(.ARM.Collect$$rtentry$$00000004)
    __rt_entry_li                            0x00000200   ARM Code       0  rtentry2.o(.ARM.Collect$$rtentry$$0000000A)
    __rt_entry_postsh_1                      0x00000200   ARM Code       0  rtentry2.o(.ARM.Collect$$rtentry$$00000009)
    __rt_entry_main                          0x00000204   ARM Code       0  rtentry2.o(.ARM.Collect$$rtentry$$0000000D)
    __rt_entry_postli_1                      0x00000204   ARM Code       0  rtentry2.o(.ARM.Collect$$rtentry$$0000000C)
    Inline Thumb to ARM Veneer to __rt_exit  0x0000022d   Thumb Code     4  rtexit.o(.ARM.Collect$$rtexit$$00000000)
    __rt_exit                                0x00000230   ARM Code       0  rtexit.o(.ARM.Collect$$rtexit$$00000000)
    __rt_exit_ls                             0x00000234   ARM Code       0  rtexit2.o(.ARM.Collect$$rtexit$$00000003)
    __rt_exit_prels_1                        0x00000234   ARM Code       0  rtexit2.o(.ARM.Collect$$rtexit$$00000002)
    __rt_exit_exit                           0x00000238   ARM Code       0  rtexit2.o(.ARM.Collect$$rtexit$$00000004)
    __user_initial_stackheap                 0x00000240   ARM Code       0  startup.o(.text)
    Inline ARM to Thumb Veneer to __2sprintf 0x00000260   ARM Code       8  __2sprintf.o(.text)
    __2sprintf                               0x00000269   Thumb Code    40  __2sprintf.o(.text)
    _printf_pre_padding                      0x00000295   Thumb Code    50  _printf_pad.o(.text)
    _printf_post_padding                     0x000002c7   Thumb Code    36  _printf_pad.o(.text)
    _printf_str                              0x000002eb   Thumb Code    88  _printf_str.o(.text)
    Inline ARM to Thumb Veneer to _printf_int_dec 0x00000344   ARM Code       8  _printf_dec.o(.text)
    _printf_int_dec                          0x0000034d   Thumb Code    94  _printf_dec.o(.text)
    __printf                                 0x000003bd   Thumb Code   322  __printf_flags_wp.o(.text)
    Inline ARM to Thumb Veneer to strchr     0x00000504   ARM Code       8  strchr.o(.text)
    strchr                                   0x0000050d   Thumb Code    22  strchr.o(.text)
    Inline ARM to Thumb Veneer to memcmp     0x00000524   ARM Code       8  memcmp.o(.text)
    memcmp                                   0x0000052d   Thumb Code   118  memcmp.o(.text)
    __aeabi_memcpy                           0x000005a4   ARM Code       0  rt_memcpy.o(.text)
    __rt_memcpy                              0x000005a4   ARM Code     212  rt_memcpy.o(.text)
    _memcpy_lastbytes                        0x00000658   ARM Code       0  rt_memcpy.o(.text)
    __aeabi_memcpy4                          0x00000678   ARM Code       0  rt_memcpy_w.o(.text)
    __aeabi_memcpy8                          0x00000678   ARM Code       0  rt_memcpy_w.o(.text)
    __rt_memcpy_w                            0x00000678   ARM Code     100  rt_memcpy_w.o(.text)
    _memcpy_lastbytes_aligned                0x000006c4   ARM Code       0  rt_memcpy_w.o(.text)
    __aeabi_memset                           0x000006dc   ARM Code      16  aeabi_memset.o(.text)
    __aeabi_memclr                           0x000006ec   ARM Code       0  rt_memclr.o(.text)
    __rt_memclr                              0x000006ec   ARM Code      64  rt_memclr.o(.text)
    _memset                                  0x000006f0   ARM Code       0  rt_memclr.o(.text)
    __aeabi_memclr4                          0x0000072c   ARM Code       0  rt_memclr_w.o(.text)
    __aeabi_memclr8                          0x0000072c   ARM Code       0  rt_memclr_w.o(.text)
    __rt_memclr_w                            0x0000072c   ARM Code      84  rt_memclr_w.o(.text)
    _memset_w                                0x00000730   ARM Code       0  rt_memclr_w.o(.text)
    __aeabi_idiv                             0x00000780   ARM Code       0  aeabi_sdiv.o(.text)
    __aeabi_idivmod                          0x00000780   ARM Code     384  aeabi_sdiv.o(.text)
    __use_two_region_memory                  0x00000901   Thumb Code     2  heapauxi.o(.text)
    __rt_heap_escrow$2region                 0x00000903   Thumb Code     2  heapauxi.o(.text)
    __rt_heap_expand$2region                 0x00000905   Thumb Code     2  heapauxi.o(.text)
    _printf_int_common                       0x00000907   Thumb Code   186  _printf_intcommon.o(.text)
    _printf_char_common                      0x000009cb   Thumb Code    34  _printf_char_common.o(.text)
    _sputc                                   0x000009f1   Thumb Code    10  _sputc.o(.text)
    Inline ARM to Thumb Veneer to _printf_char 0x000009fc   ARM Code       8  _printf_char.o(.text)
    _printf_cs_common                        0x00000a05   Thumb Code    26  _printf_char.o(.text)
    _printf_char                             0x00000a1f   Thumb Code    16  _printf_char.o(.text)
    _printf_string                           0x00000a2f   Thumb Code     8  _printf_char.o(.text)
    Inline Thumb to ARM Veneer to __rt_udiv10 0x00000a39   Thumb Code     4  rtudiv10.o(.text)
    __rt_udiv10                              0x00000a3c   ARM Code      44  rtudiv10.o(.text)
    __user_setup_stackheap                   0x00000a68   ARM Code      96  sys_stackheap_outer.o(.text)
    exit                                     0x00000ac9   Thumb Code    12  exit.o(.text)
    __user_libspace                          0x00000ad4   ARM Code      12  libspace.o(.text)
    __user_perproc_libspace                  0x00000ad4   ARM Code       0  libspace.o(.text)
    __user_perthread_libspace                0x00000ad4   ARM Code       0  libspace.o(.text)
    Inline ARM to Thumb Veneer to _sys_exit  0x00000ae0   ARM Code       8  sys_exit.o(.text)
    _sys_exit                                0x00000ae9   Thumb Code     8  sys_exit.o(.text)
    __I$use$semihosting                      0x00000af4   ARM Code       0  use_no_semi.o(.text)
    __use_no_semihosting_swi                 0x00000af4   ARM Code       4  use_no_semi.o(.text)
    __aeabi_uidiv                            0x00000af8   ARM Code       0  aeabi_sdiv.o(.text_udiv)
    __aeabi_uidivmod                         0x00000af8   ARM Code      36  aeabi_sdiv.o(.text_udiv)
    __semihosting_library_function           0x00000af8   ARM Code       0  indicate_semi.o(.text)
    Long ARM to Thumb Veneer to _printf_string 0x00000b1c   ARM Code      12  anon$$obj.o(Veneer$$Code)
    DS18B20_ReadByte                         0x00000b28   ARM Code     116  finalesd.o(i.DS18B20_ReadByte)
    DS18B20_ReadTemp                         0x00000ba0   ARM Code     132  finalesd.o(i.DS18B20_ReadTemp)
    DS18B20_Reset                            0x00000c28   ARM Code      88  finalesd.o(i.DS18B20_Reset)
    DS18B20_WriteByte                        0x00000c84   ARM Code     124  finalesd.o(i.DS18B20_WriteByte)
    Init_GPIO                                0x00000d04   ARM Code      84  finalesd.o(i.Init_GPIO)
    Init_PLL                                 0x00000d5c   ARM Code      72  finalesd.o(i.Init_PLL)
    Read_LDR                                 0x00000da8   ARM Code      20  finalesd.o(i.Read_LDR)
    Read_Moisture                            0x00000dc0   ARM Code      20  finalesd.o(i.Read_Moisture)
    SD_Log_Readings                          0x00000dd8   ARM Code     460  finalesd.o(i.SD_Log_Readings)
    SPI_Init                                 0x0000105c   ARM Code      40  finalesd.o(i.SPI_Init)
    UART0_Init                               0x00001088   ARM Code      56  finalesd.o(i.UART0_Init)
    UART0_Send                               0x000010c4   ARM Code      40  finalesd.o(i.UART0_Send)
    UART0_SendChar                           0x000010ec   ARM Code      24  finalesd.o(i.UART0_SendChar)
    __ARM_common_call_via_r1                 0x00001109   Thumb Code     2  __printf.o(i.__ARM_common_call_via_r1)
    __ARM_common_call_via_r2                 0x0000110b   Thumb Code     2  __printf.o(i.__ARM_common_call_via_r2)
    _is_digit                                0x0000110d   Thumb Code    14  __printf_wp.o(i._is_digit)
    delay_ms                                 0x00001638   ARM Code      36  delay.o(i.delay_ms)
    delay_us                                 0x0000165c   ARM Code      32  delay.o(i.delay_us)
    disk_initialize                          0x00001a04   ARM Code      32  diskio.o(i.disk_initialize)
    disk_ioctl                               0x00001a24   ARM Code      92  diskio.o(i.disk_ioctl)
    disk_read                                0x00001a80   ARM Code      84  diskio.o(i.disk_read)
    disk_status                              0x00001ad4   ARM Code      12  diskio.o(i.disk_status)
    disk_write                               0x00001ae0   ARM Code      84  diskio.o(i.disk_write)
    f_close                                  0x00001b34   ARM Code      52  ff.o(i.f_close)
    f_mount                                  0x00001b68   ARM Code     124  ff.o(i.f_mount)
    f_open                                   0x00001be8   ARM Code     704  ff.o(i.f_open)
    f_sync                                   0x00001ea8   ARM Code     224  ff.o(i.f_sync)
    f_write                                  0x00001f88   ARM Code     656  ff.o(i.f_write)
    get_fattime                              0x000024bc   ARM Code       8  finalesd.o(i.get_fattime)
    init_spi                                 0x0000259c   ARM Code      64  spi.o(i.init_spi)
    main                                     0x0000264c   ARM Code      84  finalesd.o(i.main)
    mmc_deselect                             0x000026bc   ARM Code      20  mmc.o(i.mmc_deselect)
    mmc_get_sector_count                     0x000026d4   ARM Code       8  mmc.o(i.mmc_get_sector_count)
    mmc_init                                 0x000026dc   ARM Code     164  mmc.o(i.mmc_init)
    mmc_read_sector                          0x00002784   ARM Code     140  mmc.o(i.mmc_read_sector)
    mmc_write_sector                         0x00002814   ARM Code     140  mmc.o(i.mmc_write_sector)
    send_cmd                                 0x00002eb0   ARM Code     112  mmc.o(i.send_cmd)
    spi_transfer                             0x00002f24   ARM Code      32  spi.o(i.spi_transfer)
    __aeabi_fadd                             0x00003170   ARM Code       0  faddsub_noclz.o(x$fpl$fadd)
    _fadd                                    0x00003170   ARM Code     196  faddsub_noclz.o(x$fpl$fadd)
    __fpl_fcheck_NaN1                        0x00003234   ARM Code       8  fcheck1.o(x$fpl$fcheck1)
    __aeabi_f2iz                             0x00003240   ARM Code       0  ffix.o(x$fpl$ffix)
    _ffix                                    0x00003240   ARM Code      68  ffix.o(x$fpl$ffix)
    __aeabi_i2f                              0x00003284   ARM Code       0  fflt_noclz.o(x$fpl$fflt)
    _fflt                                    0x00003284   ARM Code      92  fflt_noclz.o(x$fpl$fflt)
    __fflt_normalise                         0x00003290   ARM Code       0  fflt_noclz.o(x$fpl$fflt)
    __aeabi_fmul                             0x000032e0   ARM Code       0  fmul.o(x$fpl$fmul)
    _fmul                                    0x000032e0   ARM Code     256  fmul.o(x$fpl$fmul)
    __fpl_fnaninf                            0x000033e0   ARM Code     168  fnaninf.o(x$fpl$fnaninf)
    __fpl_fretinf                            0x00003488   ARM Code      16  fretinf.o(x$fpl$fretinf)
    __aeabi_frsub                            0x00003498   ARM Code       0  faddsub_noclz.o(x$fpl$frsb)
    _frsb                                    0x00003498   ARM Code      20  faddsub_noclz.o(x$fpl$frsb)
    __aeabi_fsub                             0x000034ac   ARM Code       0  faddsub_noclz.o(x$fpl$fsub)
    _fsub                                    0x000034ac   ARM Code     304  faddsub_noclz.o(x$fpl$fsub)
    __fpl_return_NaN                         0x000035dc   ARM Code     116  retnan.o(x$fpl$retnan)
    __ARM_scalbnf                            0x00003650   ARM Code      92  scalbnf.o(x$fpl$scalbnf)
    __fpl_cmpreturn                          0x000036ac   ARM Code      60  trapv.o(x$fpl$trapveneer)
    __I$use$fp                               0x000036e8   Number         0  usenofp.o(x$fpl$usenofp)
    Region$$Table$$Base                      0x0000374c   Number         0  anon$$obj.o(Region$$Table)
    Region$$Table$$Limit                     0x0000376c   Number         0  anon$$obj.o(Region$$Table)
    fs                                       0x4000000c   Data         560  finalesd.o(.bss)
    __libspace_start                         0x4000023c   Data          96  libspace.o(.bss)
    __temporary_stack_top$libspace           0x4000029c   Data           0  libspace.o(.bss)



==============================================================================

Memory Map of the image

  Image Entry point : 0x00000110

  Load Region LR_IROM1 (Base: 0x00000000, Size: 0x00003778, Max: 0x00080000, ABSOLUTE)

    Execution Region ER_IROM1 (Base: 0x00000000, Size: 0x0000376c, Max: 0x00080000, ABSOLUTE)

    Base Addr    Size         Type   Attr      Idx    E Section Name        Object

    0x00000000   0x00000110   Code   RO            3    RESET               startup.o
    0x00000110   0x00000008   Code   RO          704  * !!!main             c_t.l(__main.o)
    0x00000118   0x0000003c   Code   RO          914    !!!scatter          c_t.l(__scatter.o)
    0x00000154   0x00000028   Code   RO          916    !!handler_copy      c_t.l(__scatter_copy.o)
    0x0000017c   0x0000002c   Code   RO          918    !!handler_zi        c_t.l(__scatter_zi.o)
    0x000001a8   0x00000004   Ven    RO          671    .ARM.Collect$$_printf_percent$$00000000  c_t.l(_printf_percent.o)
    0x000001ac   0x00000000   Code   RO          671    .ARM.Collect$$_printf_percent$$00000000  c_t.l(_printf_percent.o)
    0x000001ac   0x00000008   Code   RO          670    .ARM.Collect$$_printf_percent$$00000009  c_t.l(_printf_d.o)
    0x000001b4   0x00000008   Code   RO          668    .ARM.Collect$$_printf_percent$$00000013  c_t.l(_printf_c.o)
    0x000001bc   0x00000008   Code   RO          669    .ARM.Collect$$_printf_percent$$00000014  c_t.l(_printf_s.o)
    0x000001c4   0x00000008   Code   RO          737    .ARM.Collect$$_printf_percent$$00000017  c_t.l(_printf_percent_end.o)
    0x000001cc   0x00000008   Ven    RO          785    .ARM.Collect$$libinit$$00000000  c_t.l(libinit.o)
    0x000001d4   0x00000002   Code   RO          785    .ARM.Collect$$libinit$$00000000  c_t.l(libinit.o)
    0x000001d6   0x00000000   Code   RO          800    .ARM.Collect$$libinit$$00000002  c_t.l(libinit2.o)
    0x000001d6   0x00000000   Code   RO          803    .ARM.Collect$$libinit$$00000008  c_t.l(libinit2.o)
    0x000001d6   0x00000000   Code   RO          805    .ARM.Collect$$libinit$$0000000A  c_t.l(libinit2.o)
    0x000001d6   0x00000000   Code   RO          807    .ARM.Collect$$libinit$$0000000C  c_t.l(libinit2.o)
    0x000001d6   0x00000000   Code   RO          810    .ARM.Collect$$libinit$$0000000F  c_t.l(libinit2.o)
    0x000001d6   0x00000000   Code   RO          812    .ARM.Collect$$libinit$$00000011  c_t.l(libinit2.o)
    0x000001d6   0x00000000   Code   RO          814    .ARM.Collect$$libinit$$00000013  c_t.l(libinit2.o)
    0x000001d6   0x00000000   Code   RO          816    .ARM.Collect$$libinit$$00000015  c_t.l(libinit2.o)
    0x000001d6   0x00000000   Code   RO          818    .ARM.Collect$$libinit$$00000017  c_t.l(libinit2.o)
    0x000001d6   0x00000000   Code   RO          820    .ARM.Collect$$libinit$$00000019  c_t.l(libinit2.o)
    0x000001d6   0x00000000   Code   RO          822    .ARM.Collect$$libinit$$0000001B  c_t.l(libinit2.o)
    0x000001d6   0x00000000   Code   RO          824    .ARM.Collect$$libinit$$0000001D  c_t.l(libinit2.o)
    0x000001d6   0x00000000   Code   RO          826    .ARM.Collect$$libinit$$0000001F  c_t.l(libinit2.o)
    0x000001d6   0x00000000   Code   RO          828    .ARM.Collect$$libinit$$00000021  c_t.l(libinit2.o)
    0x000001d6   0x00000000   Code   RO          830    .ARM.Collect$$libinit$$00000023  c_t.l(libinit2.o)
    0x000001d6   0x00000000   Code   RO          834    .ARM.Collect$$libinit$$0000002A  c_t.l(libinit2.o)
    0x000001d6   0x00000000   Code   RO          836    .ARM.Collect$$libinit$$0000002C  c_t.l(libinit2.o)
    0x000001d6   0x00000000   Code   RO          838    .ARM.Collect$$libinit$$0000002E  c_t.l(libinit2.o)
    0x000001d6   0x00000000   Code   RO          840    .ARM.Collect$$libinit$$00000030  c_t.l(libinit2.o)
    0x000001d6   0x0000000c   Code   RO          841    .ARM.Collect$$libinit$$00000031  c_t.l(libinit2.o)
    0x000001e2   0x00000002   PAD
    0x000001e4   0x00000008   Ven    RO          872    .ARM.Collect$$libshutdown$$00000000  c_t.l(libshutdown.o)
    0x000001ec   0x00000004   Code   RO          872    .ARM.Collect$$libshutdown$$00000000  c_t.l(libshutdown.o)
    0x000001f0   0x00000000   Code   RO          899    .ARM.Collect$$libshutdown$$00000003  c_t.l(libshutdown2.o)
    0x000001f0   0x00000000   Code   RO          902    .ARM.Collect$$libshutdown$$00000006  c_t.l(libshutdown2.o)
    0x000001f0   0x00000000   Code   RO          905    .ARM.Collect$$libshutdown$$00000009  c_t.l(libshutdown2.o)
    0x000001f0   0x00000000   Code   RO          907    .ARM.Collect$$libshutdown$$0000000B  c_t.l(libshutdown2.o)
    0x000001f0   0x00000000   Code   RO          910    .ARM.Collect$$libshutdown$$0000000E  c_t.l(libshutdown2.o)
    0x000001f0   0x00000006   Code   RO          911    .ARM.Collect$$libshutdown$$0000000F  c_t.l(libshutdown2.o)
    0x000001f6   0x00000002   PAD
    0x000001f8   0x00000000   Code   RO          724    .ARM.Collect$$rtentry$$00000000  c_t.l(rtentry.o)
    0x000001f8   0x00000000   Code   RO          748    .ARM.Collect$$rtentry$$00000002  c_t.l(rtentry2.o)
    0x000001f8   0x00000008   Code   RO          760    .ARM.Collect$$rtentry$$00000004  c_t.l(rtentry4.o)
    0x00000200   0x00000000   Code   RO          750    .ARM.Collect$$rtentry$$00000009  c_t.l(rtentry2.o)
    0x00000200   0x00000004   Code   RO          751    .ARM.Collect$$rtentry$$0000000A  c_t.l(rtentry2.o)
    0x00000204   0x00000000   Code   RO          753    .ARM.Collect$$rtentry$$0000000C  c_t.l(rtentry2.o)
    0x00000204   0x00000028   Code   RO          754    .ARM.Collect$$rtentry$$0000000D  c_t.l(rtentry2.o)
    0x0000022c   0x00000004   Ven    RO          791    .ARM.Collect$$rtexit$$00000000  c_t.l(rtexit.o)
    0x00000230   0x00000004   Code   RO          791    .ARM.Collect$$rtexit$$00000000  c_t.l(rtexit.o)
    0x00000234   0x00000000   Code   RO          845    .ARM.Collect$$rtexit$$00000002  c_t.l(rtexit2.o)
    0x00000234   0x00000004   Code   RO          846    .ARM.Collect$$rtexit$$00000003  c_t.l(rtexit2.o)
    0x00000238   0x00000008   Code   RO          847    .ARM.Collect$$rtexit$$00000004  c_t.l(rtexit2.o)
    0x00000240   0x00000020   Code   RO            4    .text               startup.o
    0x00000260   0x00000008   Ven    RO          632    .text               c_t.l(__2sprintf.o)
    0x00000268   0x0000002c   Code   RO          632    .text               c_t.l(__2sprintf.o)
    0x00000294   0x00000056   Code   RO          642    .text               c_t.l(_printf_pad.o)
    0x000002ea   0x00000058   Code   RO          644    .text               c_t.l(_printf_str.o)
    0x00000342   0x00000002   PAD
    0x00000344   0x00000008   Ven    RO          646    .text               c_t.l(_printf_dec.o)
    0x0000034c   0x00000070   Code   RO          646    .text               c_t.l(_printf_dec.o)
    0x000003bc   0x00000148   Code   RO          660    .text               c_t.l(__printf_flags_wp.o)
    0x00000504   0x00000008   Ven    RO          672    .text               c_t.l(strchr.o)
    0x0000050c   0x00000016   Code   RO          672    .text               c_t.l(strchr.o)
    0x00000522   0x00000002   PAD
    0x00000524   0x00000008   Ven    RO          674    .text               c_t.l(memcmp.o)
    0x0000052c   0x00000076   Code   RO          674    .text               c_t.l(memcmp.o)
    0x000005a2   0x00000002   PAD
    0x000005a4   0x000000d4   Code   RO          676    .text               c_t.l(rt_memcpy.o)
    0x00000678   0x00000064   Code   RO          678    .text               c_t.l(rt_memcpy_w.o)
    0x000006dc   0x00000010   Code   RO          680    .text               c_t.l(aeabi_memset.o)
    0x000006ec   0x00000040   Code   RO          682    .text               c_t.l(rt_memclr.o)
    0x0000072c   0x00000054   Code   RO          684    .text               c_t.l(rt_memclr_w.o)
    0x00000780   0x00000180   Code   RO          686    .text               c_t.l(aeabi_sdiv.o)
    0x00000900   0x00000006   Code   RO          702    .text               c_t.l(heapauxi.o)
    0x00000906   0x000000ba   Code   RO          729    .text               c_t.l(_printf_intcommon.o)
    0x000009c0   0x00000030   Code   RO          731    .text               c_t.l(_printf_char_common.o)
    0x000009f0   0x0000000a   Code   RO          733    .text               c_t.l(_sputc.o)
    0x000009fa   0x00000002   PAD
    0x000009fc   0x00000008   Ven    RO          735    .text               c_t.l(_printf_char.o)
    0x00000a04   0x00000032   Code   RO          735    .text               c_t.l(_printf_char.o)
    0x00000a36   0x00000002   PAD
    0x00000a38   0x00000004   Ven    RO          738    .text               c_t.l(rtudiv10.o)
    0x00000a3c   0x0000002c   Code   RO          738    .text               c_t.l(rtudiv10.o)
    0x00000a68   0x00000060   Code   RO          772    .text               c_t.l(sys_stackheap_outer.o)
    0x00000ac8   0x0000000c   Code   RO          774    .text               c_t.l(exit.o)
    0x00000ad4   0x0000000c   Code   RO          788    .text               c_t.l(libspace.o)
    0x00000ae0   0x00000008   Ven    RO          842    .text               c_t.l(sys_exit.o)
    0x00000ae8   0x0000000c   Code   RO          842    .text               c_t.l(sys_exit.o)
    0x00000af4   0x00000004   Code   RO          861    .text               c_t.l(use_no_semi.o)
    0x00000af8   0x00000000   Code   RO          863    .text               c_t.l(indicate_semi.o)
    0x00000af8   0x00000024   Code   RO          687    .text_udiv          c_t.l(aeabi_sdiv.o)
    0x00000b1c   0x0000000c   Ven    RO          931    Veneer$$Code        anon$$obj.o
    0x00000b28   0x00000078   Code   RO          528    i.DS18B20_ReadByte  finalesd.o
    0x00000ba0   0x00000088   Code   RO          529    i.DS18B20_ReadTemp  finalesd.o
    0x00000c28   0x0000005c   Code   RO          530    i.DS18B20_Reset     finalesd.o
    0x00000c84   0x00000080   Code   RO          531    i.DS18B20_WriteByte  finalesd.o
    0x00000d04   0x00000058   Code   RO          532    i.Init_GPIO         finalesd.o
    0x00000d5c   0x0000004c   Code   RO          533    i.Init_PLL          finalesd.o
    0x00000da8   0x00000018   Code   RO          534    i.Read_LDR          finalesd.o
    0x00000dc0   0x00000018   Code   RO          535    i.Read_Moisture     finalesd.o
    0x00000dd8   0x00000284   Code   RO          536    i.SD_Log_Readings   finalesd.o
    0x0000105c   0x0000002c   Code   RO          537    i.SPI_Init          finalesd.o
    0x00001088   0x0000003c   Code   RO          538    i.UART0_Init        finalesd.o
    0x000010c4   0x00000028   Code   RO          539    i.UART0_Send        finalesd.o
    0x000010ec   0x0000001c   Code   RO          540    i.UART0_SendChar    finalesd.o
    0x00001108   0x00000002   Code   RO          640    i.__ARM_common_call_via_r1  c_t.l(__printf.o)
    0x0000110a   0x00000002   Code   RO          638    i.__ARM_common_call_via_r2  c_t.l(__printf.o)
    0x0000110c   0x0000000e   Code   RO          658    i._is_digit         c_t.l(__printf_wp.o)
    0x0000111a   0x00000002   PAD
    0x0000111c   0x0000012c   Code   RO           89    i.check_fs          ff.o
    0x00001248   0x00000050   Code   RO           90    i.clmt_clust        ff.o
    0x00001298   0x00000024   Code   RO           91    i.clst2sect         ff.o
    0x000012bc   0x0000018c   Code   RO           92    i.create_chain      ff.o
    0x00001448   0x000001a8   Code   RO           93    i.create_name       ff.o
    0x000015f0   0x00000024   Code   RO           95    i.dbc_1st           ff.o
    0x00001614   0x00000024   Code   RO           96    i.dbc_2nd           ff.o
    0x00001638   0x00000024   Code   RO          505    i.delay_ms          delay.o
    0x0000165c   0x00000020   Code   RO          506    i.delay_us          delay.o
    0x0000167c   0x0000007c   Code   RO           97    i.dir_alloc         ff.o
    0x000016f8   0x0000008c   Code   RO           98    i.dir_clear         ff.o
    0x00001784   0x00000138   Code   RO           99    i.dir_next          ff.o
    0x000018bc   0x00000060   Code   RO          101    i.dir_register      ff.o
    0x0000191c   0x000000e8   Code   RO          103    i.dir_sdi           ff.o
    0x00001a04   0x00000020   Code   RO          450    i.disk_initialize   diskio.o
    0x00001a24   0x0000005c   Code   RO          451    i.disk_ioctl        diskio.o
    0x00001a80   0x00000054   Code   RO          452    i.disk_read         diskio.o
    0x00001ad4   0x0000000c   Code   RO          453    i.disk_status       diskio.o
    0x00001ae0   0x00000054   Code   RO          454    i.disk_write        diskio.o
    0x00001b34   0x00000034   Code   RO          107    i.f_close           ff.o
    0x00001b68   0x00000080   Code   RO          117    i.f_mount           ff.o
    0x00001be8   0x000002c0   Code   RO          118    i.f_open            ff.o
    0x00001ea8   0x000000e0   Code   RO          125    i.f_sync            ff.o
    0x00001f88   0x00000290   Code   RO          129    i.f_write           ff.o
    0x00002218   0x00000188   Code   RO          130    i.follow_path       ff.o
    0x000023a0   0x0000011c   Code   RO          132    i.get_fat           ff.o
    0x000024bc   0x0000000c   Code   RO          541    i.get_fattime       finalesd.o
    0x000024c8   0x000000d4   Code   RO          134    i.get_ldnumber      ff.o
    0x0000259c   0x00000044   Code   RO          486    i.init_spi          spi.o
    0x000025e0   0x0000003c   Code   RO          135    i.ld_clust          ff.o
    0x0000261c   0x00000020   Code   RO          136    i.ld_dword          ff.o
    0x0000263c   0x00000010   Code   RO          137    i.ld_word           ff.o
    0x0000264c   0x00000070   Code   RO          542    i.main              finalesd.o
    0x000026bc   0x00000018   Code   RO           11    i.mmc_deselect      mmc.o
    0x000026d4   0x00000008   Code   RO           12    i.mmc_get_sector_count  mmc.o
    0x000026dc   0x000000a8   Code   RO           13    i.mmc_init          mmc.o
    0x00002784   0x00000090   Code   RO           14    i.mmc_read_sector   mmc.o
    0x00002814   0x0000008c   Code   RO           16    i.mmc_write_sector  mmc.o
    0x000028a0   0x00000384   Code   RO          138    i.mount_volume      ff.o
    0x00002c24   0x0000005c   Code   RO          139    i.move_window       ff.o
    0x00002c80   0x00000164   Code   RO          141    i.put_fat           ff.o
    0x00002de4   0x000000cc   Code   RO          142    i.remove_chain      ff.o
    0x00002eb0   0x00000074   Code   RO           17    i.send_cmd          mmc.o
    0x00002f24   0x00000024   Code   RO          487    i.spi_transfer      spi.o
    0x00002f48   0x00000044   Code   RO          143    i.st_clust          ff.o
    0x00002f8c   0x00000020   Code   RO          144    i.st_dword          ff.o
    0x00002fac   0x00000010   Code   RO          145    i.st_word           ff.o
    0x00002fbc   0x000000cc   Code   RO          146    i.sync_fs           ff.o
    0x00003088   0x00000088   Code   RO          147    i.sync_window       ff.o
    0x00003110   0x00000060   Code   RO          148    i.validate          ff.o
    0x00003170   0x000000c4   Code   RO          706    x$fpl$fadd          fz_ts.l(faddsub_noclz.o)
    0x00003234   0x0000000c   Code   RO          740    x$fpl$fcheck1       fz_ts.l(fcheck1.o)
    0x00003240   0x00000044   Code   RO          712    x$fpl$ffix          fz_ts.l(ffix.o)
    0x00003284   0x0000005c   Code   RO          717    x$fpl$fflt          fz_ts.l(fflt_noclz.o)
    0x000032e0   0x00000100   Code   RO          720    x$fpl$fmul          fz_ts.l(fmul.o)
    0x000033e0   0x000000a8   Code   RO          742    x$fpl$fnaninf       fz_ts.l(fnaninf.o)
    0x00003488   0x00000010   Code   RO          744    x$fpl$fretinf       fz_ts.l(fretinf.o)
    0x00003498   0x00000014   Code   RO          707    x$fpl$frsb          fz_ts.l(faddsub_noclz.o)
    0x000034ac   0x00000130   Code   RO          708    x$fpl$fsub          fz_ts.l(faddsub_noclz.o)
    0x000035dc   0x00000074   Code   RO          770    x$fpl$retnan        fz_ts.l(retnan.o)
    0x00003650   0x0000005c   Code   RO          722    x$fpl$scalbnf       fz_ts.l(scalbnf.o)
    0x000036ac   0x0000003c   Code   RO          786    x$fpl$trapveneer    fz_ts.l(trapv.o)
    0x000036e8   0x00000000   Code   RO          746    x$fpl$usenofp       fz_ts.l(usenofp.o)
    0x000036e8   0x00000048   Data   RO          149    .constdata          ff.o
    0x00003730   0x00000011   Data   RO          661    .constdata          c_t.l(__printf_flags_wp.o)
    0x00003741   0x00000008   Data   RO          151    .conststring        ff.o
    0x00003749   0x00000003   PAD
    0x0000374c   0x00000020   Data   RO          912    Region$$Table       anon$$obj.o


    Execution Region RW_IRAM1 (Base: 0x40000000, Size: 0x00000728, Max: 0x00008000, ABSOLUTE)

    Base Addr    Size         Type   Attr      Idx    E Section Name        Object

    0x40000000   0x0000000c   Data   RW          152    .data               ff.o
    0x4000000c   0x00000230   Zero   RW          543    .bss                finalesd.o
    0x4000023c   0x00000060   Zero   RW          789    .bss                c_t.l(libspace.o)
    0x4000029c   0x00000004   PAD
    0x400002a0   0x00000000   Zero   RW            2    HEAP                startup.o
    0x400002a0   0x00000488   Zero   RW            1    STACK               startup.o


==============================================================================

Image component sizes


      Code (inc. data)   RO Data    RW Data    ZI Data      Debug   Object Name

        68          0          0          0          0        950   delay.o
       304          0          0          0          0       2962   diskio.o
      7076         80         80         12          0      42683   ff.o
      1628        260          0          0        560       7246   finalesd.o
       600         16          0          0          0      10604   mmc.o
       104          8          0          0          0        682   spi.o
       304         60          0          0       1160        404   startup.o

    ----------------------------------------------------------------------
     10096        428        115         12       1720      65531   Object Totals
        12          4         32          0          0          0   (incl. Generated)
         0          0          3          0          0          0   (incl. Padding)

    ----------------------------------------------------------------------

      Code (inc. data)   RO Data    RW Data    ZI Data      Debug   Library Member Name

        52          4          0          0          0         84   __2sprintf.o
         8          0          0          0          0         68   __main.o
         4          0          0          0          0        120   __printf.o
       328          6         17          0          0         92   __printf_flags_wp.o
        14          0          0          0          0         60   __printf_wp.o
        60          8          0          0          0          0   __scatter.o
        40          0          0          0          0          0   __scatter_copy.o
        44          0          0          0          0          0   __scatter_zi.o
         8          0          0          0          0          0   _printf_c.o
        58          0          0          0          0        112   _printf_char.o
        48          4          0          0          0         96   _printf_char_common.o
         8          0          0          0          0          0   _printf_d.o
       120         18          0          0          0         88   _printf_dec.o
       186          0          0          0          0         96   _printf_intcommon.o
        86          0          0          0          0        116   _printf_pad.o
         4          0          0          0          0          0   _printf_percent.o
         8          0          0          0          0          0   _printf_percent_end.o
         8          0          0          0          0          0   _printf_s.o
        88          0          0          0          0         84   _printf_str.o
        10          0          0          0          0         60   _sputc.o
        16          0          0          0          0         68   aeabi_memset.o
       420          0          0          0          0        148   aeabi_sdiv.o
        12          0          0          0          0         64   exit.o
         6          0          0          0          0        136   heapauxi.o
         0          0          0          0          0          0   indicate_semi.o
        10          0          0          0          0          0   libinit.o
        12          0          0          0          0          0   libinit2.o
        12          0          0          0          0          0   libshutdown.o
         6          0          0          0          0          0   libshutdown2.o
        12          4          0          0         96         68   libspace.o
       126          0          0          0          0         72   memcmp.o
        64          0          0          0          0         68   rt_memclr.o
        84          0          0          0          0         80   rt_memclr_w.o
       212          0          0          0          0         68   rt_memcpy.o
       100          0          0          0          0         80   rt_memcpy_w.o
         0          0          0          0          0          0   rtentry.o
        44          4          0          0          0          0   rtentry2.o
         8          0          0          0          0          0   rtentry4.o
         8          0          0          0          0          0   rtexit.o
        12          0          0          0          0          0   rtexit2.o
        48          0          0          0          0         68   rtudiv10.o
        30          0          0          0          0         60   strchr.o
        20          4          0          0          0         60   sys_exit.o
        96          0          0          0          0         80   sys_stackheap_outer.o
         4          0          0          0          0         68   use_no_semi.o
       520          8          0          0          0        236   faddsub_noclz.o
        12          4          0          0          0         68   fcheck1.o
        68          4          0          0          0         84   ffix.o
        92          0          0          0          0         68   fflt_noclz.o
       256          4          0          0          0         84   fmul.o
       168          0          0          0          0         96   fnaninf.o
        16          0          0          0          0         68   fretinf.o
       116          0          0          0          0         68   retnan.o
        92          0          0          0          0         68   scalbnf.o
        60          0          0          0          0         68   trapv.o
         0          0          0          0          0          0   usenofp.o

    ----------------------------------------------------------------------
      3960         72         17          0        100       3172   Library Totals
        16          0          0          0          4          0   (incl. Padding)

    ----------------------------------------------------------------------

      Code (inc. data)   RO Data    RW Data    ZI Data      Debug   Library Name

      2544         52         17          0         96       2264   c_t.l
      1400         20          0          0          0        908   fz_ts.l

    ----------------------------------------------------------------------
      3960         72         17          0        100       3172   Library Totals

    ----------------------------------------------------------------------

==============================================================================


      Code (inc. data)   RO Data    RW Data    ZI Data      Debug   

     14056        500        132         12       1820      63787   Grand Totals
     14056        500        132         12       1820      63787   ELF Image Totals
     14056        500        132         12          0          0   ROM Totals

==============================================================================

    Total RO  Size (Code + RO Data)                14188 (  13.86kB)
    Total RW  Size (RW Data + ZI Data)              1832 (   1.79kB)
    Total ROM Size (Code + RO Data + RW Data)      14200 (  13.87kB)

==============================================================================

